
 Start         Length     Name                   Class
 0001:00000000 000FF3B4H .text                   CODE
 0002:00000000 0001D8D4H .data                   DATA
 0002:0001D8D4 000015D9H .bss                    BSS


Detailed map of segments

 0001:00000000 0000626B C=CODE     S=.text    G=(none)   M=System   ACBP=A9
 0001:0000626C 000001CC C=CODE     S=.text    G=(none)   M=SysInit  ACBP=A9
 0001:00006438 00000118 C=CODE     S=.text    G=(none)   M=ShareMem ACBP=A9
 0001:00006550 000000BC C=CODE     S=.text    G=(none)   M=Types    ACBP=A9
 0001:0000660C 00000E3C C=CODE     S=.text    G=(none)   M=Windows  ACBP=A9
 0001:00007448 00000390 C=CODE     S=.text    G=(none)   M=SysConst ACBP=A9
 0001:000077D8 000083A8 C=CODE     S=.text    G=(none)   M=SysUtils ACBP=A9
 0001:0000FB80 00000038 C=CODE     S=.text    G=(none)   M=Messages ACBP=A9
 0001:0000FBB8 0000082B C=CODE     S=.text    G=(none)   M=VarUtils ACBP=A9
 0001:000103E4 000095AE C=CODE     S=.text    G=(none)   M=Variants ACBP=A9
 0001:00019994 00000148 C=CODE     S=.text    G=(none)   M=RTLConsts ACBP=A9
 0001:00019ADC 00001C0C C=CODE     S=.text    G=(none)   M=TypInfo  ACBP=A9
 0001:0001B6E8 000000C0 C=CODE     S=.text    G=(none)   M=ActiveX  ACBP=A9
 0001:0001B7A8 0000D312 C=CODE     S=.text    G=(none)   M=Classes  ACBP=A9
 0001:00028ABC 000002E8 C=CODE     S=.text    G=(none)   M=Consts   ACBP=A9
 0001:00028DA4 00008EA7 C=CODE     S=.text    G=(none)   M=Graphics ACBP=A9
 0001:00031C4C 00000787 C=CODE     S=.text    G=(none)   M=MultiMon ACBP=A9
 0001:000323D4 000000C0 C=CODE     S=.text    G=(none)   M=Math     ACBP=A9
 0001:00032494 000002C0 C=CODE     S=.text    G=(none)   M=Contnrs  ACBP=A9
 0001:00032754 000005C0 C=CODE     S=.text    G=(none)   M=CommCtrl ACBP=A9
 0001:00032D14 00000038 C=CODE     S=.text    G=(none)   M=Imm      ACBP=A9
 0001:00032D4C 00000FF8 C=CODE     S=.text    G=(none)   M=HelpIntfs ACBP=A9
 0001:00033D44 00000038 C=CODE     S=.text    G=(none)   M=WinSpool ACBP=A9
 0001:00033D7C 00000044 C=CODE     S=.text    G=(none)   M=Printers ACBP=A9
 0001:00033DC0 0000031F C=CODE     S=.text    G=(none)   M=FlatSB   ACBP=A9
 0001:000340E0 000001A4 C=CODE     S=.text    G=(none)   M=SyncObjs ACBP=A9
 0001:00034284 000009BB C=CODE     S=.text    G=(none)   M=UxTheme  ACBP=A9
 0001:00034C40 00000038 C=CODE     S=.text    G=(none)   M=RichEdit ACBP=A9
 0001:00034C78 00000AD4 C=CODE     S=.text    G=(none)   M=ToolWin  ACBP=A9
 0001:0003574C 00000038 C=CODE     S=.text    G=(none)   M=ShellAPI ACBP=A9
 0001:00035784 00000038 C=CODE     S=.text    G=(none)   M=RegStr   ACBP=A9
 0001:000357BC 00000038 C=CODE     S=.text    G=(none)   M=WinInet  ACBP=A9
 0001:000357F4 00000038 C=CODE     S=.text    G=(none)   M=UrlMon   ACBP=A9
 0001:0003582C 000000A0 C=CODE     S=.text    G=(none)   M=ShlObj   ACBP=A9
 0001:000358CC 00000048 C=CODE     S=.text    G=(none)   M=CommDlg  ACBP=A9
 0001:00035914 00000038 C=CODE     S=.text    G=(none)   M=Dlgs     ACBP=A9
 0001:0003594C 0000240D C=CODE     S=.text    G=(none)   M=Dialogs  ACBP=A9
 0001:00037D5C 00002B3E C=CODE     S=.text    G=(none)   M=ExtCtrls ACBP=A9
 0001:0003A89C 00000048 C=CODE     S=.text    G=(none)   M=ComStrs  ACBP=A9
 0001:0003A8E4 00000094 C=CODE     S=.text    G=(none)   M=Clipbrd  ACBP=A9
 0001:0003A978 000000EC C=CODE     S=.text    G=(none)   M=StrUtils ACBP=A9
 0001:0003AA64 000000F5 C=CODE     S=.text    G=(none)   M=Buttons  ACBP=A9
 0001:0003AB5C 00000038 C=CODE     S=.text    G=(none)   M=ExtDlgs  ACBP=A9
 0001:0003AB94 00000068 C=CODE     S=.text    G=(none)   M=IniFiles ACBP=A9
 0001:0003ABFC 0000079C C=CODE     S=.text    G=(none)   M=Registry ACBP=A9
 0001:0003B398 0000006C C=CODE     S=.text    G=(none)   M=Mapi     ACBP=A9
 0001:0003B404 00000058 C=CODE     S=.text    G=(none)   M=ExtActns ACBP=A9
 0001:0003B45C 00001C44 C=CODE     S=.text    G=(none)   M=ListActns ACBP=A9
 0001:0003D0A0 00016604 C=CODE     S=.text    G=(none)   M=ComCtrls ACBP=A9
 0001:000536A4 00000BE0 C=CODE     S=.text    G=(none)   M=Themes   ACBP=A9
 0001:00054284 000051CC C=CODE     S=.text    G=(none)   M=StdCtrls ACBP=A9
 0001:00059450 00000168 C=CODE     S=.text    G=(none)   M=StdActns ACBP=A9
 0001:000595B8 00000D1F C=CODE     S=.text    G=(none)   M=WinHelpViewer ACBP=A9
 0001:0005A2D8 00001A3E C=CODE     S=.text    G=(none)   M=ActnList ACBP=A9
 0001:0005BD18 0000C6C8 C=CODE     S=.text    G=(none)   M=Forms    ACBP=A9
 0001:000683E0 00001738 C=CODE     S=.text    G=(none)   M=ImgList  ACBP=A9
 0001:00069B18 000066AD C=CODE     S=.text    G=(none)   M=Menus    ACBP=A9
 0001:000701C8 0001115F C=CODE     S=.text    G=(none)   M=Controls ACBP=A9
 0001:00081328 000008D1 C=CODE     S=.text    G=(none)   M=JclUnitVersioning ACBP=A9
 0001:00081BFC 00000187 C=CODE     S=.text    G=(none)   M=JclWideStrings ACBP=A9
 0001:00081D84 0000052D C=CODE     S=.text    G=(none)   M=JclResources ACBP=A9
 0001:000822B4 000001D9 C=CODE     S=.text    G=(none)   M=JclBase  ACBP=A9
 0001:00082490 00000038 C=CODE     S=.text    G=(none)   M=AccCtrl  ACBP=A9
 0001:000824C8 00000161 C=CODE     S=.text    G=(none)   M=JclWin32 ACBP=A9
 0001:0008262C 00000165 C=CODE     S=.text    G=(none)   M=JclLogic ACBP=A9
 0001:00082794 00000038 C=CODE     S=.text    G=(none)   M=WinSock  ACBP=A9
 0001:000827CC 00000038 C=CODE     S=.text    G=(none)   M=Snmp     ACBP=A9
 0001:00082804 00000038 C=CODE     S=.text    G=(none)   M=TlHelp32 ACBP=A9
 0001:0008283C 00000038 C=CODE     S=.text    G=(none)   M=PsAPI    ACBP=A9
 0001:00082874 000013BF C=CODE     S=.text    G=(none)   M=JclRegistry ACBP=A9
 0001:00083C34 00000155 C=CODE     S=.text    G=(none)   M=Jcl8087  ACBP=A9
 0001:00083D8C 00000159 C=CODE     S=.text    G=(none)   M=JclIniFiles ACBP=A9
 0001:00083EE8 00000820 C=CODE     S=.text    G=(none)   M=JclSysInfo ACBP=A9
 0001:00084708 00000161 C=CODE     S=.text    G=(none)   M=JclShell ACBP=A9
 0001:0008486C 0000015D C=CODE     S=.text    G=(none)   M=JclSecurity ACBP=A9
 0001:000849CC 00000159 C=CODE     S=.text    G=(none)   M=JclDateTime ACBP=A9
 0001:00084B28 00000C4D C=CODE     S=.text    G=(none)   M=JclFileUtils ACBP=A9
 0001:00085778 00000159 C=CODE     S=.text    G=(none)   M=JclConsole ACBP=A9
 0001:000858D4 00000155 C=CODE     S=.text    G=(none)   M=JclMath  ACBP=A9
 0001:00085A2C 0000051B C=CODE     S=.text    G=(none)   M=JclSysUtils ACBP=A9
 0001:00085F48 00000503 C=CODE     S=.text    G=(none)   M=JclStrings ACBP=A9
 0001:0008644C 00007E6C C=CODE     S=.text    G=(none)   M=IcsZLibObj ACBP=A9
 0001:0008E2B8 00000844 C=CODE     S=.text    G=(none)   M=IcsZlibHigh ACBP=A9
 0001:0008EAFC 00000988 C=CODE     S=.text    G=(none)   M=IcsLogger ACBP=A9
 0001:0008F484 000009B8 C=CODE     S=.text    G=(none)   M=IcsStreams ACBP=A9
 0001:0008FE3C 00000250 C=CODE     S=.text    G=(none)   M=WSockBuf ACBP=A9
 0001:0009008C 00009F64 C=CODE     S=.text    G=(none)   M=WSocket  ACBP=A9
 0001:00099FF0 00000354 C=CODE     S=.text    G=(none)   M=FtpSrvT  ACBP=A9
 0001:0009A344 00008CB4 C=CODE     S=.text    G=(none)   M=FtpCli   ACBP=A9
 0001:000A2FF8 000009E0 C=CODE     S=.text    G=(none)   M=MaskUtils ACBP=A9
 0001:000A39D8 000000DC C=CODE     S=.text    G=(none)   M=DateUtils ACBP=A9
 0001:000A3AB4 000001B0 C=CODE     S=.text    G=(none)   M=DBConsts ACBP=A9
 0001:000A3C64 00000F73 C=CODE     S=.text    G=(none)   M=SqlTimSt ACBP=A9
 0001:000A4BD8 00004AFB C=CODE     S=.text    G=(none)   M=FMTBcd   ACBP=A9
 0001:000A96D4 00000058 C=CODE     S=.text    G=(none)   M=ComConst ACBP=A9
 0001:000A972C 00000F41 C=CODE     S=.text    G=(none)   M=ComObj   ACBP=A9
 0001:000AA670 000149A8 C=CODE     S=.text    G=(none)   M=DB       ACBP=A9
 0001:000BF018 000000C4 C=CODE     S=.text    G=(none)   M=OleDB    ACBP=A9
 0001:000BF0DC 00000250 C=CODE     S=.text    G=(none)   M=ADOInt   ACBP=A9
 0001:000BF32C 00000A50 C=CODE     S=.text    G=(none)   M=DBCommon ACBP=A9
 0001:000BFD7C 00000160 C=CODE     S=.text    G=(none)   M=Mtx      ACBP=A9
 0001:000BFEDC 000000B0 C=CODE     S=.text    G=(none)   M=ADOConst ACBP=A9
 0001:000BFF8C 000108B6 C=CODE     S=.text    G=(none)   M=ADODB    ACBP=A9
 0001:000D0844 00000038 C=CODE     S=.text    G=(none)   M=JvWin32  ACBP=A9
 0001:000D087C 00000038 C=CODE     S=.text    G=(none)   M=JvConsts ACBP=A9
 0001:000D08B4 0000006C C=CODE     S=.text    G=(none)   M=JVCLVer  ACBP=A9
 0001:000D0920 00000118 C=CODE     S=.text    G=(none)   M=JvComponentBase ACBP=A9
 0001:000D0A38 00000308 C=CODE     S=.text    G=(none)   M=JvResources ACBP=A9
 0001:000D0D40 00000B88 C=CODE     S=.text    G=(none)   M=JvTypes  ACBP=A9
 0001:000D18C8 00000223 C=CODE     S=.text    G=(none)   M=JvThemes ACBP=A9
 0001:000D1AEC 00000038 C=CODE     S=.text    G=(none)   M=JvExControls ACBP=A9
 0001:000D1B24 00000038 C=CODE     S=.text    G=(none)   M=JvExForms ACBP=A9
 0001:000D1B5C 00000038 C=CODE     S=.text    G=(none)   M=JvExStdCtrls ACBP=A9
 0001:000D1B94 00000038 C=CODE     S=.text    G=(none)   M=JvComponent ACBP=A9
 0001:000D1BCC 00000038 C=CODE     S=.text    G=(none)   M=JvVCL5Utils ACBP=A9
 0001:000D1C04 00000038 C=CODE     S=.text    G=(none)   M=Mask     ACBP=A9
 0001:000D1C3C 00000038 C=CODE     S=.text    G=(none)   M=Grids    ACBP=A9
 0001:000D1C74 00000038 C=CODE     S=.text    G=(none)   M=MMSystem ACBP=A9
 0001:000D1CAC 00000350 C=CODE     S=.text    G=(none)   M=JvJCLUtils ACBP=A9
 0001:000D1FFC 00005F32 C=CODE     S=.text    G=(none)   M=JclRTTI  ACBP=A9
 0001:000D7F30 00000521 C=CODE     S=.text    G=(none)   M=JclMime  ACBP=A9
 0001:000D8454 00000159 C=CODE     S=.text    G=(none)   M=JclSynch ACBP=A9
 0001:000D85B0 00000038 C=CODE     S=.text    G=(none)   M=JvStrings ACBP=A9
 0001:000D85E8 000001F4 C=CODE     S=.text    G=(none)   M=JvPropertyStore ACBP=A9
 0001:000D87DC 00000044 C=CODE     S=.text    G=(none)   M=JvProgressUtils ACBP=A9
 0001:000D8820 000001EB C=CODE     S=.text    G=(none)   M=JvJVCLUtils ACBP=A9
 0001:000D8A0C 00001234 C=CODE     S=.text    G=(none)   M=JvTranslateString ACBP=A9
 0001:000D9C40 00003817 C=CODE     S=.text    G=(none)   M=JvAppStorage ACBP=A9
 0001:000DD458 00000090 C=CODE     S=.text    G=(none)   M=VDBConsts ACBP=A9
 0001:000DD4E8 00000728 C=CODE     S=.text    G=(none)   M=DBLogDlg ACBP=A9
 0001:000DDC10 00000531 C=CODE     S=.text    G=(none)   M=DBPWDlg  ACBP=A9
 0001:000DE144 0000071C C=CODE     S=.text    G=(none)   M=DBCtrls  ACBP=A9
 0001:000DE860 00001280 C=CODE     S=.text    G=(none)   M=JvAppDBStorage ACBP=A9
 0001:000DFAE0 00000098 C=CODE     S=.text    G=(none)   M=DECConst ACBP=A9
 0001:000DFB78 000022DD C=CODE     S=.text    G=(none)   M=DECUtil  ACBP=A9
 0001:000E1E58 0000E584 C=CODE     S=.text    G=(none)   M=Hash     ACBP=A9
 0001:000F03DC 00006814 C=CODE     S=.text    G=(none)   M=Cipher   ACBP=A9
 0001:000F6BF0 00000B5C C=CODE     S=.text    G=(none)   M=HCMngr   ACBP=A9
 0001:000F774C 000013EC C=CODE     S=.text    G=(none)   M=JvAppRegistryStorage ACBP=A9
 0001:000F8B38 00000FCC C=CODE     S=.text    G=(none)   M=fGlobalVar ACBP=A9
 0001:000F9B04 00000608 C=CODE     S=.text    G=(none)   M=futils   ACBP=A9
 0001:000FA10C 00000358 C=CODE     S=.text    G=(none)   M=fGlobalVarDM ACBP=A9
 0001:000FA464 00000114 C=CODE     S=.text    G=(none)   M=fMainDM  ACBP=A9
 0001:000FA578 00000038 C=CODE     S=.text    G=(none)   M=fSiklus2 ACBP=A9
 0001:000FA5B0 000001E0 C=CODE     S=.text    G=(none)   M=FProgress ACBP=A9
 0001:000FA790 00000594 C=CODE     S=.text    G=(none)   M=fICONSInterfaceExportBNI ACBP=A9
 0001:000FAD24 000041A8 C=CODE     S=.text    G=(none)   M=fICONSInterfaceExportBNIForm ACBP=A9
 0001:000FEECC 000004E5 C=CODE     S=.text    G=(none)   M=ICONSInterfaceExportBNIDLL ACBP=A9
 0002:00000000 000000A0 C=DATA     S=.data    G=DGROUP   M=System   ACBP=A9
 0002:000000A0 00000030 C=DATA     S=.data    G=DGROUP   M=SysInit  ACBP=A9
 0002:000000D0 00000270 C=DATA     S=.data    G=DGROUP   M=SysUtils ACBP=A9
 0002:00000340 00000110 C=DATA     S=.data    G=DGROUP   M=VarUtils ACBP=A9
 0002:00000450 000001B6 C=DATA     S=.data    G=DGROUP   M=Variants ACBP=A9
 0002:00000608 0000000C C=DATA     S=.data    G=DGROUP   M=TypInfo  ACBP=A9
 0002:00000614 00000010 C=DATA     S=.data    G=DGROUP   M=ActiveX  ACBP=A9
 0002:00000624 00000064 C=DATA     S=.data    G=DGROUP   M=Classes  ACBP=A9
 0002:00000688 00000304 C=DATA     S=.data    G=DGROUP   M=Graphics ACBP=A9
 0002:0000098C 00000004 C=DATA     S=.data    G=DGROUP   M=Printers ACBP=A9
 0002:00000990 00000020 C=DATA     S=.data    G=DGROUP   M=ToolWin  ACBP=A9
 0002:000009B0 00000010 C=DATA     S=.data    G=DGROUP   M=ShlObj   ACBP=A9
 0002:000009C0 00000114 C=DATA     S=.data    G=DGROUP   M=Dialogs  ACBP=A9
 0002:00000AD4 0000018C C=DATA     S=.data    G=DGROUP   M=ExtCtrls ACBP=A9
 0002:00000C60 0000002C C=DATA     S=.data    G=DGROUP   M=Buttons  ACBP=A9
 0002:00000C8C 00000008 C=DATA     S=.data    G=DGROUP   M=IniFiles ACBP=A9
 0002:00000C94 00000008 C=DATA     S=.data    G=DGROUP   M=Registry ACBP=A9
 0002:00000C9C 00000008 C=DATA     S=.data    G=DGROUP   M=Mapi     ACBP=A9
 0002:00000CA4 0000019C C=DATA     S=.data    G=DGROUP   M=ComCtrls ACBP=A9
 0002:00000E40 00000068 C=DATA     S=.data    G=DGROUP   M=Themes   ACBP=A9
 0002:00000EA8 0000004C C=DATA     S=.data    G=DGROUP   M=StdCtrls ACBP=A9
 0002:00000EF4 00000128 C=DATA     S=.data    G=DGROUP   M=Forms    ACBP=A9
 0002:0000101C 00000020 C=DATA     S=.data    G=DGROUP   M=ImgList  ACBP=A9
 0002:0000103C 000000EC C=DATA     S=.data    G=DGROUP   M=Menus    ACBP=A9
 0002:00001128 0000013C C=DATA     S=.data    G=DGROUP   M=Controls ACBP=A9
 0002:00001264 00000024 C=DATA     S=.data    G=DGROUP   M=JclUnitVersioning ACBP=A9
 0002:00001288 0000001C C=DATA     S=.data    G=DGROUP   M=JclWideStrings ACBP=A9
 0002:000012A4 00000018 C=DATA     S=.data    G=DGROUP   M=JclResources ACBP=A9
 0002:000012BC 00000018 C=DATA     S=.data    G=DGROUP   M=JclBase  ACBP=A9
 0002:000012D4 00000018 C=DATA     S=.data    G=DGROUP   M=JclWin32 ACBP=A9
 0002:000012EC 00000018 C=DATA     S=.data    G=DGROUP   M=JclLogic ACBP=A9
 0002:00001304 00000088 C=DATA     S=.data    G=DGROUP   M=JclRegistry ACBP=A9
 0002:0000138C 00000018 C=DATA     S=.data    G=DGROUP   M=Jcl8087  ACBP=A9
 0002:000013A4 00000018 C=DATA     S=.data    G=DGROUP   M=JclIniFiles ACBP=A9
 0002:000013BC 00000508 C=DATA     S=.data    G=DGROUP   M=JclSysInfo ACBP=A9
 0002:000018C4 0000001C C=DATA     S=.data    G=DGROUP   M=JclShell ACBP=A9
 0002:000018E0 00000018 C=DATA     S=.data    G=DGROUP   M=JclSecurity ACBP=A9
 0002:000018F8 00000018 C=DATA     S=.data    G=DGROUP   M=JclDateTime ACBP=A9
 0002:00001910 000000F0 C=DATA     S=.data    G=DGROUP   M=JclFileUtils ACBP=A9
 0002:00001A00 00000018 C=DATA     S=.data    G=DGROUP   M=JclConsole ACBP=A9
 0002:00001A18 00000018 C=DATA     S=.data    G=DGROUP   M=JclMath  ACBP=A9
 0002:00001A30 00000028 C=DATA     S=.data    G=DGROUP   M=JclSysUtils ACBP=A9
 0002:00001A58 00000019 C=DATA     S=.data    G=DGROUP   M=JclStrings ACBP=A9
 0002:00001A74 00004160 C=DATA     S=.data    G=DGROUP   M=IcsZLibObj ACBP=A9
 0002:00005BD4 00000004 C=DATA     S=.data    G=DGROUP   M=IcsZlibHigh ACBP=A9
 0002:00005BD8 00000004 C=DATA     S=.data    G=DGROUP   M=IcsLogger ACBP=A9
 0002:00005BDC 00000004 C=DATA     S=.data    G=DGROUP   M=WSockBuf ACBP=A9
 0002:00005BE0 00000048 C=DATA     S=.data    G=DGROUP   M=WSocket  ACBP=A9
 0002:00005C28 00000004 C=DATA     S=.data    G=DGROUP   M=FtpSrvT  ACBP=A9
 0002:00005C2C 00000004 C=DATA     S=.data    G=DGROUP   M=FtpCli   ACBP=A9
 0002:00005C30 00000005 C=DATA     S=.data    G=DGROUP   M=MaskUtils ACBP=A9
 0002:00005C38 0000003C C=DATA     S=.data    G=DGROUP   M=SqlTimSt ACBP=A9
 0002:00005C74 00000065 C=DATA     S=.data    G=DGROUP   M=FMTBcd   ACBP=A9
 0002:00005CDC 00000030 C=DATA     S=.data    G=DGROUP   M=ComObj   ACBP=A9
 0002:00005D0C 0000021E C=DATA     S=.data    G=DGROUP   M=DB       ACBP=A9
 0002:00005F2C 00000010 C=DATA     S=.data    G=DGROUP   M=OleDB    ACBP=A9
 0002:00005F3C 00000060 C=DATA     S=.data    G=DGROUP   M=ADOInt   ACBP=A9
 0002:00005F9C 00000020 C=DATA     S=.data    G=DGROUP   M=Mtx      ACBP=A9
 0002:00005FBC 00000294 C=DATA     S=.data    G=DGROUP   M=ADODB    ACBP=A9
 0002:00006250 0000000E C=DATA     S=.data    G=DGROUP   M=JvConsts ACBP=A9
 0002:00006260 00000438 C=DATA     S=.data    G=DGROUP   M=JvTypes  ACBP=A9
 0002:00006698 00000048 C=DATA     S=.data    G=DGROUP   M=JvJCLUtils ACBP=A9
 0002:000066E0 00000028 C=DATA     S=.data    G=DGROUP   M=JclRTTI  ACBP=A9
 0002:00006708 00000458 C=DATA     S=.data    G=DGROUP   M=JclMime  ACBP=A9
 0002:00006B60 00000018 C=DATA     S=.data    G=DGROUP   M=JclSynch ACBP=A9
 0002:00006B78 00000044 C=DATA     S=.data    G=DGROUP   M=JvPropertyStore ACBP=A9
 0002:00006BBC 00000004 C=DATA     S=.data    G=DGROUP   M=JvProgressUtils ACBP=A9
 0002:00006BC0 00000034 C=DATA     S=.data    G=DGROUP   M=JvJVCLUtils ACBP=A9
 0002:00006BF4 00000028 C=DATA     S=.data    G=DGROUP   M=DBCtrls  ACBP=A9
 0002:00006C1C 00000020 C=DATA     S=.data    G=DGROUP   M=DECUtil  ACBP=A9
 0002:00006C3C 0000779C C=DATA     S=.data    G=DGROUP   M=Hash     ACBP=A9
 0002:0000E3D8 0000EA94 C=DATA     S=.data    G=DGROUP   M=Cipher   ACBP=A9
 0002:0001CE6C 00000030 C=DATA     S=.data    G=DGROUP   M=futils   ACBP=A9
 0002:0001E000 00000664 C=BSS      S=.bss     G=DGROUP   M=System   ACBP=A9
 0002:0001E664 00000014 C=BSS      S=.bss     G=DGROUP   M=SysInit  ACBP=A9
 0002:0001E678 00000004 C=BSS      S=.bss     G=DGROUP   M=ShareMem ACBP=A9
 0002:0001E67C 00000004 C=BSS      S=.bss     G=DGROUP   M=Types    ACBP=A9
 0002:0001E680 00000004 C=BSS      S=.bss     G=DGROUP   M=Windows  ACBP=A9
 0002:0001E684 00000004 C=BSS      S=.bss     G=DGROUP   M=SysConst ACBP=A9
 0002:0001E688 00000120 C=BSS      S=.bss     G=DGROUP   M=SysUtils ACBP=A9
 0002:0001E7A8 00000004 C=BSS      S=.bss     G=DGROUP   M=Messages ACBP=A9
 0002:0001E7AC 0000005C C=BSS      S=.bss     G=DGROUP   M=VarUtils ACBP=A9
 0002:0001E808 00000040 C=BSS      S=.bss     G=DGROUP   M=Variants ACBP=A9
 0002:0001E848 00000004 C=BSS      S=.bss     G=DGROUP   M=RTLConsts ACBP=A9
 0002:0001E84C 00000004 C=BSS      S=.bss     G=DGROUP   M=TypInfo  ACBP=A9
 0002:0001E850 00000004 C=BSS      S=.bss     G=DGROUP   M=ActiveX  ACBP=A9
 0002:0001E854 00000040 C=BSS      S=.bss     G=DGROUP   M=Classes  ACBP=A9
 0002:0001E894 00000004 C=BSS      S=.bss     G=DGROUP   M=Consts   ACBP=A9
 0002:0001E898 00000060 C=BSS      S=.bss     G=DGROUP   M=Graphics ACBP=A9
 0002:0001E8F8 00000031 C=BSS      S=.bss     G=DGROUP   M=MultiMon ACBP=A9
 0002:0001E92C 00000004 C=BSS      S=.bss     G=DGROUP   M=Math     ACBP=A9
 0002:0001E930 00000004 C=BSS      S=.bss     G=DGROUP   M=Contnrs  ACBP=A9
 0002:0001E934 0000000C C=BSS      S=.bss     G=DGROUP   M=CommCtrl ACBP=A9
 0002:0001E940 00000004 C=BSS      S=.bss     G=DGROUP   M=Imm      ACBP=A9
 0002:0001E944 00000008 C=BSS      S=.bss     G=DGROUP   M=HelpIntfs ACBP=A9
 0002:0001E94C 00000004 C=BSS      S=.bss     G=DGROUP   M=WinSpool ACBP=A9
 0002:0001E950 00000004 C=BSS      S=.bss     G=DGROUP   M=Printers ACBP=A9
 0002:0001E954 00000034 C=BSS      S=.bss     G=DGROUP   M=FlatSB   ACBP=A9
 0002:0001E988 00000004 C=BSS      S=.bss     G=DGROUP   M=SyncObjs ACBP=A9
 0002:0001E98C 000000CC C=BSS      S=.bss     G=DGROUP   M=UxTheme  ACBP=A9
 0002:0001EA58 00000004 C=BSS      S=.bss     G=DGROUP   M=RichEdit ACBP=A9
 0002:0001EA5C 00000004 C=BSS      S=.bss     G=DGROUP   M=ToolWin  ACBP=A9
 0002:0001EA60 00000004 C=BSS      S=.bss     G=DGROUP   M=ShellAPI ACBP=A9
 0002:0001EA64 00000004 C=BSS      S=.bss     G=DGROUP   M=RegStr   ACBP=A9
 0002:0001EA68 00000004 C=BSS      S=.bss     G=DGROUP   M=WinInet  ACBP=A9
 0002:0001EA6C 00000004 C=BSS      S=.bss     G=DGROUP   M=UrlMon   ACBP=A9
 0002:0001EA70 00000004 C=BSS      S=.bss     G=DGROUP   M=ShlObj   ACBP=A9
 0002:0001EA74 00000004 C=BSS      S=.bss     G=DGROUP   M=CommDlg  ACBP=A9
 0002:0001EA78 00000004 C=BSS      S=.bss     G=DGROUP   M=Dlgs     ACBP=A9
 0002:0001EA7C 00000038 C=BSS      S=.bss     G=DGROUP   M=Dialogs  ACBP=A9
 0002:0001EAB4 00000004 C=BSS      S=.bss     G=DGROUP   M=ExtCtrls ACBP=A9
 0002:0001EAB8 00000004 C=BSS      S=.bss     G=DGROUP   M=ComStrs  ACBP=A9
 0002:0001EABC 0000000C C=BSS      S=.bss     G=DGROUP   M=Clipbrd  ACBP=A9
 0002:0001EAC8 00000004 C=BSS      S=.bss     G=DGROUP   M=StrUtils ACBP=A9
 0002:0001EACC 00000030 C=BSS      S=.bss     G=DGROUP   M=Buttons  ACBP=A9
 0002:0001EAFC 00000004 C=BSS      S=.bss     G=DGROUP   M=ExtDlgs  ACBP=A9
 0002:0001EB00 00000004 C=BSS      S=.bss     G=DGROUP   M=IniFiles ACBP=A9
 0002:0001EB04 00000004 C=BSS      S=.bss     G=DGROUP   M=Registry ACBP=A9
 0002:0001EB08 00000004 C=BSS      S=.bss     G=DGROUP   M=Mapi     ACBP=A9
 0002:0001EB0C 00000009 C=BSS      S=.bss     G=DGROUP   M=ExtActns ACBP=A9
 0002:0001EB18 00000004 C=BSS      S=.bss     G=DGROUP   M=ListActns ACBP=A9
 0002:0001EB1C 00000039 C=BSS      S=.bss     G=DGROUP   M=ComCtrls ACBP=A9
 0002:0001EB58 00000008 C=BSS      S=.bss     G=DGROUP   M=Themes   ACBP=A9
 0002:0001EB60 00000004 C=BSS      S=.bss     G=DGROUP   M=StdCtrls ACBP=A9
 0002:0001EB64 00000004 C=BSS      S=.bss     G=DGROUP   M=StdActns ACBP=A9
 0002:0001EB68 00000014 C=BSS      S=.bss     G=DGROUP   M=WinHelpViewer ACBP=A9
 0002:0001EB7C 00000004 C=BSS      S=.bss     G=DGROUP   M=ActnList ACBP=A9
 0002:0001EB80 00000020 C=BSS      S=.bss     G=DGROUP   M=Forms    ACBP=A9
 0002:0001EBA0 0000000C C=BSS      S=.bss     G=DGROUP   M=ImgList  ACBP=A9
 0002:0001EBAC 00000010 C=BSS      S=.bss     G=DGROUP   M=Menus    ACBP=A9
 0002:0001EBBC 00000080 C=BSS      S=.bss     G=DGROUP   M=Controls ACBP=A9
 0002:0001EC3C 00000004 C=BSS      S=.bss     G=DGROUP   M=JclUnitVersioning ACBP=A9
 0002:0001EC40 00000004 C=BSS      S=.bss     G=DGROUP   M=JclWideStrings ACBP=A9
 0002:0001EC44 00000004 C=BSS      S=.bss     G=DGROUP   M=JclResources ACBP=A9
 0002:0001EC48 00000004 C=BSS      S=.bss     G=DGROUP   M=JclBase  ACBP=A9
 0002:0001EC4C 00000004 C=BSS      S=.bss     G=DGROUP   M=AccCtrl  ACBP=A9
 0002:0001EC50 00000004 C=BSS      S=.bss     G=DGROUP   M=JclWin32 ACBP=A9
 0002:0001EC54 00000004 C=BSS      S=.bss     G=DGROUP   M=JclLogic ACBP=A9
 0002:0001EC58 00000004 C=BSS      S=.bss     G=DGROUP   M=WinSock  ACBP=A9
 0002:0001EC5C 00000004 C=BSS      S=.bss     G=DGROUP   M=Snmp     ACBP=A9
 0002:0001EC60 00000004 C=BSS      S=.bss     G=DGROUP   M=TlHelp32 ACBP=A9
 0002:0001EC64 00000004 C=BSS      S=.bss     G=DGROUP   M=PsAPI    ACBP=A9
 0002:0001EC68 00000004 C=BSS      S=.bss     G=DGROUP   M=JclRegistry ACBP=A9
 0002:0001EC6C 00000004 C=BSS      S=.bss     G=DGROUP   M=Jcl8087  ACBP=A9
 0002:0001EC70 00000004 C=BSS      S=.bss     G=DGROUP   M=JclIniFiles ACBP=A9
 0002:0001EC74 00000010 C=BSS      S=.bss     G=DGROUP   M=JclSysInfo ACBP=A9
 0002:0001EC84 00000004 C=BSS      S=.bss     G=DGROUP   M=JclShell ACBP=A9
 0002:0001EC88 00000004 C=BSS      S=.bss     G=DGROUP   M=JclSecurity ACBP=A9
 0002:0001EC8C 00000004 C=BSS      S=.bss     G=DGROUP   M=JclDateTime ACBP=A9
 0002:0001EC90 00000004 C=BSS      S=.bss     G=DGROUP   M=JclFileUtils ACBP=A9
 0002:0001EC94 00000004 C=BSS      S=.bss     G=DGROUP   M=JclConsole ACBP=A9
 0002:0001EC98 00000004 C=BSS      S=.bss     G=DGROUP   M=JclMath  ACBP=A9
 0002:0001EC9C 00000004 C=BSS      S=.bss     G=DGROUP   M=JclSysUtils ACBP=A9
 0002:0001ECA0 00000504 C=BSS      S=.bss     G=DGROUP   M=JclStrings ACBP=A9
 0002:0001F1A4 00000024 C=BSS      S=.bss     G=DGROUP   M=IcsZLibObj ACBP=A9
 0002:0001F1C8 00000004 C=BSS      S=.bss     G=DGROUP   M=IcsZlibHigh ACBP=A9
 0002:0001F1CC 00000004 C=BSS      S=.bss     G=DGROUP   M=IcsLogger ACBP=A9
 0002:0001F1D0 00000004 C=BSS      S=.bss     G=DGROUP   M=IcsStreams ACBP=A9
 0002:0001F1D4 00000004 C=BSS      S=.bss     G=DGROUP   M=WSockBuf ACBP=A9
 0002:0001F1D8 00000274 C=BSS      S=.bss     G=DGROUP   M=WSocket  ACBP=A9
 0002:0001F44C 00000004 C=BSS      S=.bss     G=DGROUP   M=FtpSrvT  ACBP=A9
 0002:0001F450 00000004 C=BSS      S=.bss     G=DGROUP   M=FtpCli   ACBP=A9
 0002:0001F454 00000004 C=BSS      S=.bss     G=DGROUP   M=MaskUtils ACBP=A9
 0002:0001F458 00000004 C=BSS      S=.bss     G=DGROUP   M=DateUtils ACBP=A9
 0002:0001F45C 00000004 C=BSS      S=.bss     G=DGROUP   M=DBConsts ACBP=A9
 0002:0001F460 00000004 C=BSS      S=.bss     G=DGROUP   M=SqlTimSt ACBP=A9
 0002:0001F464 00000004 C=BSS      S=.bss     G=DGROUP   M=FMTBcd   ACBP=A9
 0002:0001F468 00000004 C=BSS      S=.bss     G=DGROUP   M=ComConst ACBP=A9
 0002:0001F46C 00000011 C=BSS      S=.bss     G=DGROUP   M=ComObj   ACBP=A9
 0002:0001F480 00000020 C=BSS      S=.bss     G=DGROUP   M=DB       ACBP=A9
 0002:0001F4A0 00000004 C=BSS      S=.bss     G=DGROUP   M=OleDB    ACBP=A9
 0002:0001F4A4 00000004 C=BSS      S=.bss     G=DGROUP   M=ADOInt   ACBP=A9
 0002:0001F4A8 00000004 C=BSS      S=.bss     G=DGROUP   M=DBCommon ACBP=A9
 0002:0001F4AC 00000004 C=BSS      S=.bss     G=DGROUP   M=Mtx      ACBP=A9
 0002:0001F4B0 00000004 C=BSS      S=.bss     G=DGROUP   M=ADOConst ACBP=A9
 0002:0001F4B4 00000008 C=BSS      S=.bss     G=DGROUP   M=ADODB    ACBP=A9
 0002:0001F4BC 00000004 C=BSS      S=.bss     G=DGROUP   M=JvWin32  ACBP=A9
 0002:0001F4C0 00000004 C=BSS      S=.bss     G=DGROUP   M=JvConsts ACBP=A9
 0002:0001F4C4 00000004 C=BSS      S=.bss     G=DGROUP   M=JVCLVer  ACBP=A9
 0002:0001F4C8 00000004 C=BSS      S=.bss     G=DGROUP   M=JvComponentBase ACBP=A9
 0002:0001F4CC 00000004 C=BSS      S=.bss     G=DGROUP   M=JvResources ACBP=A9
 0002:0001F4D0 00000004 C=BSS      S=.bss     G=DGROUP   M=JvTypes  ACBP=A9
 0002:0001F4D4 00000008 C=BSS      S=.bss     G=DGROUP   M=JvThemes ACBP=A9
 0002:0001F4DC 00000004 C=BSS      S=.bss     G=DGROUP   M=JvExControls ACBP=A9
 0002:0001F4E0 00000004 C=BSS      S=.bss     G=DGROUP   M=JvExForms ACBP=A9
 0002:0001F4E4 00000004 C=BSS      S=.bss     G=DGROUP   M=JvExStdCtrls ACBP=A9
 0002:0001F4E8 00000004 C=BSS      S=.bss     G=DGROUP   M=JvComponent ACBP=A9
 0002:0001F4EC 00000004 C=BSS      S=.bss     G=DGROUP   M=JvVCL5Utils ACBP=A9
 0002:0001F4F0 00000004 C=BSS      S=.bss     G=DGROUP   M=Mask     ACBP=A9
 0002:0001F4F4 00000004 C=BSS      S=.bss     G=DGROUP   M=Grids    ACBP=A9
 0002:0001F4F8 00000004 C=BSS      S=.bss     G=DGROUP   M=MMSystem ACBP=A9
 0002:0001F4FC 00000004 C=BSS      S=.bss     G=DGROUP   M=JvJCLUtils ACBP=A9
 0002:0001F500 00000008 C=BSS      S=.bss     G=DGROUP   M=JclRTTI  ACBP=A9
 0002:0001F508 00000004 C=BSS      S=.bss     G=DGROUP   M=JclMime  ACBP=A9
 0002:0001F50C 00000004 C=BSS      S=.bss     G=DGROUP   M=JclSynch ACBP=A9
 0002:0001F510 00000004 C=BSS      S=.bss     G=DGROUP   M=JvStrings ACBP=A9
 0002:0001F514 00000004 C=BSS      S=.bss     G=DGROUP   M=JvPropertyStore ACBP=A9
 0002:0001F518 00000004 C=BSS      S=.bss     G=DGROUP   M=JvProgressUtils ACBP=A9
 0002:0001F51C 00000004 C=BSS      S=.bss     G=DGROUP   M=JvJVCLUtils ACBP=A9
 0002:0001F520 00000004 C=BSS      S=.bss     G=DGROUP   M=JvTranslateString ACBP=A9
 0002:0001F524 00000008 C=BSS      S=.bss     G=DGROUP   M=JvAppStorage ACBP=A9
 0002:0001F52C 00000004 C=BSS      S=.bss     G=DGROUP   M=VDBConsts ACBP=A9
 0002:0001F530 00000004 C=BSS      S=.bss     G=DGROUP   M=DBLogDlg ACBP=A9
 0002:0001F534 00000004 C=BSS      S=.bss     G=DGROUP   M=DBPWDlg  ACBP=A9
 0002:0001F538 00000004 C=BSS      S=.bss     G=DGROUP   M=DBCtrls  ACBP=A9
 0002:0001F53C 00000004 C=BSS      S=.bss     G=DGROUP   M=JvAppDBStorage ACBP=A9
 0002:0001F540 00000004 C=BSS      S=.bss     G=DGROUP   M=DECConst ACBP=A9
 0002:0001F544 00000004 C=BSS      S=.bss     G=DGROUP   M=DECUtil  ACBP=A9
 0002:0001F548 00000004 C=BSS      S=.bss     G=DGROUP   M=Hash     ACBP=A9
 0002:0001F54C 00000004 C=BSS      S=.bss     G=DGROUP   M=Cipher   ACBP=A9
 0002:0001F550 00000004 C=BSS      S=.bss     G=DGROUP   M=HCMngr   ACBP=A9
 0002:0001F554 00000004 C=BSS      S=.bss     G=DGROUP   M=JvAppRegistryStorage ACBP=A9
 0002:0001F558 00000008 C=BSS      S=.bss     G=DGROUP   M=fGlobalVar ACBP=A9
 0002:0001F560 00000048 C=BSS      S=.bss     G=DGROUP   M=futils   ACBP=A9
 0002:0001F5A8 00000008 C=BSS      S=.bss     G=DGROUP   M=fGlobalVarDM ACBP=A9
 0002:0001F5B0 00000008 C=BSS      S=.bss     G=DGROUP   M=fMainDM  ACBP=A9
 0002:0001F5B8 00000004 C=BSS      S=.bss     G=DGROUP   M=fSiklus2 ACBP=A9
 0002:0001F5BC 00000008 C=BSS      S=.bss     G=DGROUP   M=FProgress ACBP=A9
 0002:0001F5C4 0000000C C=BSS      S=.bss     G=DGROUP   M=fICONSInterfaceExportBNI ACBP=A9
 0002:0001F5D0 00000008 C=BSS      S=.bss     G=DGROUP   M=fICONSInterfaceExportBNIForm ACBP=A9


  Address         Publics by Name

 0002:000044F4       ..
 0002:00004544       ..
 0002:00004F98       ..
 0002:000050C4       ..
 0002:00001A88       ..
 0002:00003B3C       ..
 0002:00003A88       ..
 0001:0008C298       ..
 0002:00001A80       ..
 0001:00086948       ..
 0002:0001F524       .01
 0002:0001EC94       .01
 0002:0001F544       .01
 0002:0001E934       .1
 0002:0001F45C       .1
 0002:0001F458       .1
 0002:0001F44C       .1
 0002:0001E974       .1
 0002:0001E918       .1
 0002:0001EB70       .1
 0002:0001F5CC       .1
 0002:0001EB08       .1
 0002:0001E848       .1
 0002:0001EA48       .1
 0002:0001EA58       .1
 0002:0001F4EC       .1
 0002:0001EA60       .1
 0002:0001EA64       .1
 0002:0001EA68       .1
 0002:0001EA6C       .1
 0002:0001EAC8       .1
 0002:0001EA70       .1
 0002:0001EA74       .1
 0002:0001F518       .1
 0002:0001EA78       .1
 0002:0001F1C0       .1
 0002:0001F510       .1
 0002:0001F4A0       .1
 0002:0001EC88       .1
 0002:0001EC84       .1
 0002:0001E7A8       .1
 0002:0001F508       .1
 0002:0001EC70       .1
 0002:0001EC6C       .1
 0002:0001F4B0       .1
 0002:0001EC64       .1
 0002:0001EC60       .1
 0002:0001EC5C       .1
 0002:0001EC58       .1
 0002:0001EC54       .1
 0002:0001EAB8       .1
 0002:0001EC4C       .1
 0002:0001EC44       .1
 0002:0001E894       .1
 0002:0001F4AC       .1
 0002:0001E67C       .1
 0002:0001F460       .1
 0002:0001F4BC       .1
 0002:0001F52C       .1
 0002:0001F468       .1
 0002:0001E940       .1
 0002:0001E678       .1
 0002:0001E670       .1
 0002:0001E684       .1
 0002:0001F4CC       .1
 0002:0001F4C0       .1
 0002:0001F4C4       .1
 0002:0001F540       .1
 0002:0001F4F4       .11
 0002:0001EA7C       .11
 0002:0001E89C       .12
 0002:0001F54C       .12
 0002:0001EAB4       .12
 0002:0001F5B8       .2
 0002:0001E92C       .2
 0002:0001F554       .2
 0002:0001F1D0       .2
 0002:0001F534       .2
 0002:0001F1D4       .2
 0002:0001F530       .2
 0002:0001E944       .2
 0002:0001EC50       .2
 0002:0001F520       .2
 0002:0001F4D4       .2
 0002:0001F5D4       .2
 0002:0001EC8C       .2
 0002:0001EAC0       .2
 0002:0001F4C8       .2
 0002:0001F5A4       .2
 0002:0001EC68       .2
 0002:0001F4FC       .2
 0002:0001EB58       .2
 0002:0001EC74       .2
 0002:0001F55C       .2
 0002:0001F5AC       .2
 0002:0001F5C0       .2
 0002:0001F5B4       .2
 0002:0001F454       .2
 0002:0001E930       .21
 0002:0001F538       .22
 0002:0001F4A8       .3
 0002:0001F1CC       .3
 0002:0001E950       .3
 0002:0001E94C       .3
 0002:0001E850       .3
 0002:0001EBA0       .3
 0002:0001F4E8       .3
 0002:0001EAFC       .3
 0002:0001F550       .3
 0002:0001EC40       .3
 0002:0001E680       .3
 0002:0001F464       .3
 0002:0001F4B4       .31
 0002:0001F548       .33
 0002:0001E798       .35
 0002:0001F49C       .36
 0002:0001EB1C       .36
 0002:0001EA5C       .4
 0002:0001F514       .4
 0002:0001F1C8       .4
 0002:0001EACC       .4
 0002:0001F450       .4
 0002:0001F53C       .4
 0002:0001F500       .4
 0002:0001F46C       .41
 0002:0001EB88       .41
 0002:0001EC90       .42
 0002:0001EB60       .42
 0002:0001E860       .45
 0002:0001F4A4       .5
 0002:0001EB04       .5
 0002:0001E804       .5
 0002:0001EC48       .5
 0002:0001EC3C       .5
 0002:0001E5BC       .5
 0002:0001F4F0       .5
 0002:0001ECA0       .6
 0002:0001E84C       .6
 0002:0001E988       .6
 0002:0001F4F8       .7
 0002:0001F4D0       .7
 0002:0001F51C       .7
 0002:0001EC98       .7
 0002:0001EB0C       .72
 0002:0001EBC4       .72
 0002:0001EB64       .73
 0002:0001EC9C       .8
 0002:0001EB00       .8
 0002:0001F26C       .8
 0002:0001EB18       .8
 0002:0001EB7C       .8
 0002:0001E828       .81
 0002:0001F4E4       .81
 0002:0001F4DC       .9
 0002:0001EBB4       .9
 0002:0001F4E0       .9
 0002:0001F50C       .91
 0001:00002048       @AbstractError
 0001:00003198       @AfterConstruction
 0001:00002F84       @AsClass
 0001:00002320       @Assign
 0001:0000251C       @AStrCmp
 0001:000031A8       @BeforeDestruction
 0001:00002CF4       @BoundErr
 0001:00002FD0       @CallDynaInst
 0001:00005CA8       @CheckAutoResult
 0001:00003140       @ClassCreate
 0001:00003190       @ClassDestroy
 0001:000023E8       @Close
 0001:00001D84       @Copy
 0001:00004B64       @CopyArray
 0001:00004A48       @CopyRecord
 0001:00004CD8       @DispCallByIDError
 0001:00011440       @DispInvoke
 0001:00011138       @DispInvokeError
 0001:00004C6C       @Dispose
 0001:000036E8       @DoneExcept
 0001:00005480       @DynArrayAsg
 0001:00005444       @DynArrayClear
 0001:00005324       @DynArrayCopy
 0001:00005344       @DynArrayCopyRange
 0001:00005144       @DynArrayHigh
 0001:0000513C       @DynArrayLength
 0001:00005318       @DynArraySetLength
 0001:000037D0       @ExceptionHandler
 0001:0000258C       @FillChar
 0001:00004A24       @Finalize
 0001:00004938       @FinalizeArray
 0001:000048EC       @FinalizeRecord
 0001:00002FE8       @FindDynaInst
 0001:000023DC       @Flush
 0001:00002CE8       @FpuInit
 0001:00002C24       @FpuMaskInit
 0001:00001BAC       @FreeMem
 0001:00001B7C       @GetMem
 0001:0000636C       @GetTls
 0001:00003CE4       @Halt
 0001:00003C04       @Halt0
 0001:000032BC       @HandleAnyException
 0001:000035A8       @HandleAutoException
 0001:00003570       @HandleFinally
 0001:000033E8       @HandleOnException
 0001:000048E0       @Initialize
 0001:0000484C       @InitializeArray
 0001:0000481C       @InitializeRecord
 0001:00003AAC       @InitImports
 0001:000063B8       @InitLib
 0001:00003A84       @InitResStringImports
 0001:00003A60       @InitResStrings
 0001:00003AD0       @InitWideStrings
 0001:00005C0C       @IntfAddRef
 0001:00005BDC       @IntfCast
 0001:00005B98       @IntfClear
 0001:00005BB0       @IntfCopy
 0001:00002F60       @IsClass
 0001:00002BF4       @isNECWindows
 0001:000041AC       @LStrAddRef
 0001:00003D20       @LStrArrayClr
 0001:00003D50       @LStrAsg
 0001:00003FC4       @LStrCat
 0001:00004008       @LStrCat3
 0001:0000407C       @LStrCatN
 0001:00003CFC       @LStrClr
 0001:00004108       @LStrCmp
 0001:0000421C       @LStrCopy
 0001:0000425C       @LStrDelete
 0001:00003F6C       @LStrFromArray
 0001:00003EE4       @LStrFromChar
 0001:00003EF4       @LStrFromPChar
 0001:00003DEC       @LStrFromPCharLen
 0001:00003F24       @LStrFromPWChar
 0001:00003E58       @LStrFromPWCharLen
 0001:00003F60       @LStrFromString
 0001:00003F84       @LStrFromWStr
 0001:000042A4       @LStrInsert
 0001:00003D94       @LStrLAsg
 0001:00003FBC       @LStrLen
 0001:000043AC       @LStrOfChar
 0001:00004300       @LStrPos
 0001:00004348       @LStrSetLength
 0001:000041BC       @LStrToPChar
 0001:00003F98       @LStrToString
 0001:00004C58       @New
 0001:00003DC0       @NewAnsiString
 0001:0000441C       @NewWideString
 0001:00015994       @OleVarFromInt
 0001:00015C98       @OleVarFromLStr
 0001:00015D54       @OleVarFromVar
 0001:00002908       @Pow10
 0001:00002498       @PStrCmp
 0001:00002470       @PStrCpy
 0001:00002440       @PStrNCat
 0001:0000247C       @PStrNCpy
 0001:00003694       @RaiseAgain
 0001:0000366C       @RaiseExcept
 0001:00001BCC       @ReallocMem
 0001:000020BC       @RewritText
 0001:00002018       @ROUND
 0001:00003CF0       @RunError
 0001:000028DC       @SetEq
 0001:00001FF0       @SetLength
 0001:00002884       @SetRange
 0001:000028F0       @SetSub
 0001:00003998       @StartLib
 0001:00004EFC       @Str0Int64
 0001:0000260C       @Str0Long
 0001:00004E3C       @StrInt64
 0001:000003F0       @strlen
 0001:000025AC       @StrLong
 0001:00002024       @TRUNC
 0001:00003718       @TryFinallyExit
 0001:00004214       @UniqueStringA
 0001:00004F18       @ValInt64
 0001:00002618       @ValLong
 0001:00019824       @VarAdd
 0001:00017660       @VarAddRef
 0001:00017EC8       @VarArrayGet
 0001:00017FB8       @VarArrayPut
 0001:00017D14       @VarArrayRedim
 0001:00011DB0       @VarCast
 0001:00011424       @VarClear
 0001:00011438       @VarClr
 0001:00004920       @VarClr
 0001:00019830       @VarCmpEQ
 0001:00019860       @VarCmpGT
 0001:00019850       @VarCmpLT
 0001:00019840       @VarCmpNE
 0001:00011864       @VarCopy
 0001:00004A30       @VarCopy
 0001:00011AE4       @VarCopyNoInd
 0001:00015B28       @VarFromBool
 0001:000159B4       @VarFromByte
 0001:00015B78       @VarFromCurr
 0001:00015AD0       @VarFromCurrency
 0001:00015AFC       @VarFromDate
 0001:00015C6C       @VarFromDisp
 0001:00015AA4       @VarFromDouble
 0001:00015938       @VarFromInt
 0001:00015A54       @VarFromInt64
 0001:00015974       @VarFromInteger
 0001:00015C40       @VarFromIntf
 0001:000159F4       @VarFromLongWord
 0001:00015B8C       @VarFromLStr
 0001:00015BB8       @VarFromPStr
 0001:00015B50       @VarFromReal
 0001:00015A14       @VarFromShortInt
 0001:00015A80       @VarFromSingle
 0001:00015A34       @VarFromSmallInt
 0001:00015B64       @VarFromTDateTime
 0001:000159D4       @VarFromWord
 0001:00015C08       @VarFromWStr
 0001:0001118C       @VarNull
 0001:00016CB4       @VarOp
 0001:00011AF8       @VarStringToOleStr
 0001:0001357C       @VarToBool
 0001:00013234       @VarToBoolean
 0001:00012674       @VarToByte
 0001:00014420       @VarToCurrency
 0001:00013EB8       @VarToDate
 0001:0001588C       @VarToDisp
 0001:00013748       @VarToDouble
 0001:00012C38       @VarToInt64
 0001:00012174       @VarToInteger
 0001:000157C0       @VarToIntf
 0001:000128EC       @VarToLongWord
 0001:00014AD4       @VarToLStr
 0001:00013AC4       @VarToReal
 0001:000125C4       @VarToShortInt
 0001:00013AE0       @VarToSingle
 0001:0001271C       @VarToSmallInt
 0001:00012814       @VarToWord
 0001:000151F4       @VarToWStr
 0001:000043D8       @Write0LString
 0001:00002730       @WriteBytes
 0001:00002800       @WriteLn
 0001:000043F4       @WriteLString
 0001:00002784       @WriteSpaces
 0001:000047FC       @WStrAddRef
 0001:0000445C       @WStrArrayClr
 0001:00004480       @WStrAsg
 0001:000045EC       @WStrCat
 0001:0000464C       @WStrCatN
 0001:00004444       @WStrClr
 0001:00004694       @WStrCmp
 0001:00004718       @WStrCopy
 0001:000045C0       @WStrFromLStr
 0001:00004554       @WStrFromPChar
 0001:000044A4       @WStrFromPCharLen
 0001:00004584       @WStrFromPWChar
 0001:00004530       @WStrFromPWCharLen
 0001:000045E0       @WStrLen
 0001:00004764       @WStrPos
 0001:000047B4       @WStrSetLength
 0001:000045D0       @WStrToPWChar
 0001:00002860       @_CLenToPasStr
 0001:00002854       @_CToPasStr
 0001:00001D54       @_IOTest
 0001:00004D04       @_lldiv
 0001:00004D80       @_llmod
 0001:00004CE0       @_llmul
 0001:00004DFC       @_llshl
 0001:00004E1C       @_llushr
 0001:0000D37C       Abort
 0001:00073118       AbsMin
 0001:0000D748       AbstractErrorHandler
 0002:0001E02C       AbstractErrorProc
 0001:000824C0       AccCtrl
 0002:00000150       AccessMode
 0001:00001CB4       AcquireExceptionObject
 0001:0001DFA8       ActivateClassGroup
 0001:00006C50       ActivateKeyboardLayout
 0002:0001EBF8       ActiveDrag
 0001:0001B7A0       ActiveX
 0001:0005BCEC       ActnList
 0001:00000550       AddBlockAfter
 0001:000A5D24       AddChars
 0001:000A8DCC       AddCurrency
 0001:000A859C       AddCurrencySymbol
 0002:00000624       AddDataModule
 0001:000A7EA8       AddDigit
 0001:000C9220       AddFieldDef
 0001:000B173C       AddFieldDefs
 0001:000B1970       AddFields
 0001:000CFA74       AddFieldToList
 0001:00021FA0       AddFinished
 0001:0006B74C       AddIn
 0001:000A90BC       AddLiterals
 0001:00005A00       AddModuleUnloadProc
 0001:000059F0       AddModuleUnloadProc
 0001:000A867C       AddNegCurrencySymbol
 0001:000A7410       AddNormalizedFractions
 0001:00021FD8       AddNotFinished
 0001:000A7E8C       AddOneChar
 0001:000D34E0       AddRange
 0001:000A5DE0       AddStrings
 0001:000229FC       AddSubComponentsToLoaded
 0002:00005C64       AdjustAmt
 0002:00005C5C       AdjustAmt
 0002:00005C6C       AdjustAmt
 0002:00005C54       AdjustAmt
 0001:0002C8B4       AdjustColor
 0001:0003A0E8       AdjustColors
 0001:000A683C       AdjustDecimalPosition
 0001:000BD2A0       AdjustFirstRecord
 0001:0005E380       Adjustment
 0001:000A7768       AdjustNibbles
 0001:00006C58       AdjustWindowRectEx
 0001:00086578       adler32
 0001:000BFF84       ADOConst
 0001:000D07F0       ADODB
 0001:000BF324       ADOInt
 0001:000C3AD0       ADOTypeToFieldType
 0002:0000621C       AffectRecordsValues
 0001:0000EF04       AL1
 0002:00000320       AL1s
 0001:0000EF14       AL2
 0002:00000330       AL2s
 0002:00000ADC       Alignments
 0002:00000EB0       Alignments
 0002:00001100       Alignments
 0002:00001110       Alignments
 0001:000788D8       AlignWork
 0001:000653C0       AlignWork
 0001:0005DE6C       AllocateHWnd
 0001:0009337C       AllocateHWnd
 0001:0002889C       AllocateHWnd
 0001:000367DC       AllocFilterStr
 0002:000018A4       AllocGranularity
 0001:0000854C       AllocMem
 0002:0001E5B4       AllocMemCount
 0002:0001E5B8       AllocMemSize
 0001:00031A44       AllocPatternBitmap
 0001:0000629C       AllocTlsBuffer
 0001:0000EF44       ALR
 0001:0000EF2C       ALV
 0001:00025784       AncestorIsValid
 0002:00001134       AnchorAlign
 0002:00001128       AnimateWindowProc
 0002:00001230       AnimationStyle
 0002:0001ECA4       AnsiCaseMap
 0002:00001A70       AnsiCaseMapReady
 0002:0001EFA4       AnsiCharTypes
 0001:0000873C       AnsiCompareStr
 0001:0000878C       AnsiCompareText
 0001:00008880       AnsiExtractQuotedStr
 0001:00009184       AnsiLastChar
 0001:00006C60       AnsiLower
 0001:00008708       AnsiLowerCase
 0001:0000E1A8       AnsiLowerCaseFileName
 0001:0000E16C       AnsiPos
 0001:0006FFD4       AnsiSameCaption
 0001:00008774       AnsiSameStr
 0001:000087C4       AnsiSameText
 0001:0003A978       AnsiStartsText
 0001:000087DC       AnsiStrLIComp
 0001:0000E234       AnsiStrPos
 0001:0000E2F4       AnsiStrRScan
 0001:0000E33C       AnsiStrScan
 0001:00006028       AnsiToUtf8
 0001:000086D4       AnsiUpperCase
 0001:000162C8       AnyOp
 0001:00015748       AnyToIntf
 0001:0000ADD8       AppendChars
 0001:0000B1A4       AppendFormat
 0001:0000AE3C       AppendNumber
 0001:0000AE1C       AppendString
 0002:0001EB80       Application
 0001:000C42F0       ApplicationHandleException
 0002:00000634       ApplicationHandleException
 0002:0000063C       ApplicationShowException
 0002:00001014       AppVisible
 0002:00000CFC       Arrangements
 0001:0000D72C       AssertErrorHandler
 0002:0001E024       AssertErrorProc
 0001:000C6C8C       AssignField
 0001:0001ADB0       AssignLongStr
 0001:000C6D08       AssignParam
 0001:000C6BAC       AssignParameter
 0001:000C6FBC       AssignToParam
 0001:0001B42C       AssignVariant
 0001:00091A10       atoi
 0001:000B223C       AttributeSetStored
 0002:00000D04       AutoArrange
 0002:0001E60C       avail
 0001:000093E4       BackfillGetDiskFreeSpaceEx
 0001:00075CD4       BackgroundClipped
 0002:00005C24       BackString
 0001:0000FE50       BackupVarBoolFromStr
 0001:0000FFB0       BackupVarBStrFromBool
 0001:0000FED0       BackupVarBStrFromCy
 0001:0000FF40       BackupVarBStrFromDate
 0001:0000FDE4       BackupVarCyFromStr
 0001:0000FD78       BackupVarDateFromStr
 0001:0000FC34       BackupVarI4FromStr
 0001:0000FBE0       BackupVariantChangeTypeEx
 0001:0000FCA0       BackupVarR4FromStr
 0001:0000FD0C       BackupVarR8FromStr
 0002:00000DD8       BandBorderStyles
 0002:00005F04       BaseFieldTypes
 0002:00000468       BaseTypeMap
 0001:000A7D3C       BcdAdd
 0001:000A7918       BcdCompare
 0001:000A8A0C       BcdCurrencyFormat
 0001:000A7CD0       BcdDivide
 0001:000A7B80       BcdDivide
 0001:000A4EF8       BcdError
 0001:000A4E88       BcdErrorFmt
 0001:000A83BC       BcdFixedOrNumberFormat
 0001:000A8358       BcdGeneralFormat
 0001:000A7B14       BcdMultiply
 0001:000A7A1C       BcdMultiply
 0001:000A81B0       BcdScale
 0001:000A8370       BcdScientificFormat
 0001:000A79E0       BcdSubtract
 0001:000A82AC       BCDToCurr
 0001:000A58F8       BcdToDouble
 0001:000A806C       BcdToStr
 0001:000A8AF8       BcdToStrF
 0001:0000DD28       Beep
 0001:0001E37C       BeginGlobalLoading
 0001:00006C68       BeginPaint
 0001:0002C8C0       BetterSize
 0001:000399D8       BevelLine
 0001:000398E8       BevelRect
 0001:0006C5E0       BiDiDraw
 0001:00006A18       BitBlt
 0002:00000C60       BitBtnCaptions
 0002:0001EAD0       BitBtnGlyphs
 0002:00000940       BitmapCanvasList
 0002:0001E8B4       BitmapImageLock
 0001:0000FC1C       BiUnimplemented
 0001:000A66D8       BlankArgument
 0002:0000065C       BlockCode
 0002:0001E5E4       blockDescBlockList
 0002:0001E5E8       blockDescFreeList
 0002:0000F3DC       Blowfish_Data
 0002:000103DC       Blowfish_Key
 0002:00000608       BooleanIdents
 0002:00000464       BooleanToStringRule
 0001:00008DC0       BoolToStr
 0001:0001485C       BoolToWStrViaOS
 0002:00000EA8       BorderStyles
 0002:00000CDC       BorderStyles
 0002:00000DF8       BorderStyles
 0002:00000AD4       BorderStyles
 0001:0000658C       Bounds
 0001:0001D2A4       Bounds
 0002:000010A8       Breaks
 0002:00000E00       BreakStyles
 0002:0001E8EC       BrushManager
 0001:000E10E8       BSwapInt
 0001:000E110C       BSwapIntBuf
 0002:00006BF4       BtnHintId
 0001:000BC93C       BufferToByteArray
 0001:000CAE94       BufferToVar
 0001:0006EDB4       BuildImage
 0002:00000A7C       ButtonCaptions
 0002:00006BC8       ButtonNames
 0002:00000A50       ButtonNames
 0002:00001124       Buttons
 0001:0003AB34       Buttons
 0002:00000D88       ButtonStates
 0002:00000EEC       ButtonStyles
 0002:00000D98       ButtonStyles
 0002:0001EA88       ButtonWidths
 0001:000BC9F8       ByteArrayToBuffer
 0001:0002C08C       BytesPerScanline
 0001:0002C3F0       ByteSwapColors
 0001:0000DE0C       ByteToCharIndex
 0001:0000DDE4       ByteToCharLen
 0001:0000DDA8       ByteType
 0001:0000DD30       ByteTypeTest
 0002:0001EBA4       CachedComCtrlVer
 0001:000287D8       CalcJmpOffset
 0001:000A8CBC       CalcPrecisionAndDigits
 0001:0004D414       CalcSize
 0001:000805FC       CalcSplitterPos
 0001:000B7FE0       CalcTotalSize
 0001:000B227C       CalculatedStored
 0001:000FAA20       CallAutoIntfExport
 0001:000FA790       CallICONSInterfaceExportBNIForm
 0001:00006C70       CallNextHookEx
 0001:0000EEAC       CallTerminateProcs
 0001:00006C78       CallWindowProc
 0001:00074150       CancelDrag
 0001:000BE034       CancelNestedDataSets
 0001:0008E550       CanResizeDMAStream
 0001:000A6668       CanUseShort
 0002:0001EC0C       CanvasList
 0002:0001E8F0       CanvasList
 0002:00000A28       Captions
 0002:000011EC       CaptureControl
 0002:00001048       cBooleanToItemAutoFlag
 0002:00000514       CBooleanToRelationship
 0001:000065A8       CenterPoint
 0001:000360EC       CenterWindow
 0002:0001EABE       CF_COMPONENT
 0002:0001EABC       CF_PICTURE
 0002:0001E820       ChangeAnyProc
 0001:000726D0       ChangeBiDiModeAlignment
 0001:0000920C       ChangeFileExt
 0002:00000ED0       CharCases
 0001:00003E1C       CharFromWChar
 0001:0008629C       CharIsLower
 0001:000862B0       CharIsUpper
 0001:0000DFF0       CharLength
 0001:00006C80       CharLowerBuff
 0001:00006C88       CharNext
 0001:00000368       CharNext
 0001:0002A890       CharsetToIdent
 0001:0000DEF8       CharToByteIndex
 0001:0000DF5C       CharToByteLen
 0001:00006C90       CharToOemA
 0001:00006C98       CharUpperBuff
 0001:0002CEA4       CheckBool
 0002:0000E3D8       CheckCipherKeySize
 0001:00043534       CheckCommonControl
 0001:000C49D4       CheckForAsyncExecute
 0001:000CB9B0       CheckForFlyAway
 0001:00003238       CheckJmp
 0001:00006CA0       CheckMenuItem
 0001:000BCE7C       CheckNestedBrowseMode
 0001:000DFF9C       CheckProtection
 0002:00001098       Checks
 0001:000A4A74       CheckSqlTimeStamp
 0001:00022A38       CheckSubComponents
 0001:00026F90       CheckSynchronize
 0001:0005DD7C       CheckTaskWindow
 0001:000162A4       CheckType
 0001:00073E04       CheckUndock
 0001:0000DC1C       CheckWin32Version
 0001:00006CA8       ChildWindowFromPoint
 0002:00000480       CInvalidCustomVariantType
 0001:000F69C0       Cipher
 0001:000F118C       CipherList
 0002:0000104C       cItemAutoFlagToBoolean
 0002:00001044       cItemAutoFlagToMenu
 0001:00028A28       Classes
 0001:0001DD6C       ClassNotFound
 0002:00005F4C       CLASS_Command
 0002:00005F3C       CLASS_Connection
 0002:00005F6C       CLASS_DataSpace
 0002:00005F5C       CLASS_Recordset
 0002:0001E81C       ClearAnyProc
 0001:0002A110       ClearColor
 0001:000AA350       ClearExcepInfo
 0001:000D78BC       ClearInfoList
 0001:000D3860       ClearValue
 0001:00018AA4       ClearVariantTypeList
 0001:00006CB0       ClientToScreen
 0001:0007DBA0       ClientToWindow
 0002:00000938       ClipboardFormats
 0001:0003A920       Clipbrd
 0001:00006CB8       CloseClipboard
 0001:00000308       CloseHandle
 0001:00006760       CloseHandle
 0002:0001E990       CloseThemeData
 0001:0001B73C       CLSIDFromProgID
 0002:000009B0       CLSID_AutoComplete
 0002:00005F2C       CLSID_DATALINKS
 0002:0001E040       CmdLine
 0002:0001E03C       CmdShow
 0002:00001040       cMenuAutoFlagToItem
 0002:00000520       CmpTypeMap
 0001:0000FC28       CmpUnimplemented
 0002:00005CE4       CoAddRefServerProcess
 0001:0001B734       CoCreateInstance
 0002:00005CDC       CoCreateInstanceEx
 0002:00000D58       Codes
 0002:00000CCC       Codes
 0001:0001B72C       CoGetMalloc
 0002:00005FA0       CoGetObjectContextProc
 0002:0001EB54       CoInitExProcLoaded
 0002:00005CF4       CoInitFlags
 0001:0001B71C       CoInitialize
 0002:00005CE0       CoInitializeEx
 0002:0001EB50       CoInitializeExProc
 0001:0001E638       CollectionsEqual
 0002:000006B8       Colors
 0001:0002A688       ColorToIdent
 0002:00000AE8       ColorToPretyName
 0001:0002A678       ColorToRGB
 0002:00006260       ColorValues
 0002:00000D2C       ColumnClicks
 0001:00006A20       CombineRgn
 0002:00000E20       ComboBoxExStyles
 0002:00000E2C       ComboExStyles
 0002:0001F474       ComClassManagerVar
 0001:000A9724       ComConst
 0002:0001E938       ComCtl32DLL
 0002:0001EB28       ComCtlVersion
 0001:0005369C       ComCtrls
 0002:0001EBB8       CommandPool
 0002:00005FBC       CommandTypeValues
 0001:00032D0C       CommCtrl
 0001:0003590C       CommDlg
 0001:000008D0       Commit
 0002:0001E628       committedRoot
 0001:000AA618       ComObj
 0001:000A76E8       CompactBcd
 0001:000A5AC4       CompareDigits
 0001:0006AD30       CompareFront
 0001:0000863C       CompareMem
 0001:000A74C8       CompareNormalizedFractions
 0001:0000860C       CompareStr
 0001:00006768       CompareString
 0001:0000865C       CompareText
 0001:00008CE8       CompareWith
 0001:00022B18       ComponentCreated
 0001:00086920       compress
 0001:00086880       compress2
 0001:00086934       compressBound
 0001:0002CC64       ComputeAldusChecksum
 0001:0003A8DC       ComStrs
 0002:00005FD4       ConnectModeValues
 0002:00005FF4       ConnectOptionValues
 0001:00028D9C       Consts
 0001:0003274C       Contnrs
 0002:0001EBCA       ControlAtom
 0002:0001EBD0       ControlAtomString
 0001:00062B68       ControlHasHelp
 0001:00081298       Controls
 0001:0000D10C       ConvertAddr
 0001:0000AF30       ConvertEraString
 0001:00008510       ConvertError
 0001:00008528       ConvertErrorFmt
 0001:00047E14       ConvertFlags
 0001:00047C80       ConvertMask
 0001:00047E38       ConvertStates
 0001:0000B09C       ConvertYearString
 0001:0000514C       CopyArray
 0001:0002F040       CopyBitmap
 0001:0002F708       CopyBitmapAsMask
 0001:000A8344       CopyByte
 0001:00006A28       CopyEnhMetaFile
 0001:000DA850       CopyEnumValue
 0001:000071CC       CopyMemory
 0001:0002F6A4       CopyPalette
 0002:00005C2C       CopyRight
 0002:00000E44       Copyright
 0002:00005BE0       CopyRight
 0002:00005BDC       CopyRight
 0002:00005BD8       CopyRight
 0002:00005C28       CopyRight
 0001:0006DE60       CopyToBest
 0002:00005CE8       CoReleaseServerProcess
 0002:00005CEC       CoResumeClassObjects
 0002:00005CF0       CoSuspendClassObjects
 0001:0001B744       CoTaskMemAlloc
 0001:0001B724       CoUninitialize
 0001:0000DE68       CountChars
 0002:0001E8CC       CounterLock
 0001:000E1058       CPUType
 0002:00000484       CRangeToType
 0001:000E15DC       CRC16
 0001:000E1804       CRC32
 0001:00086950       crc32
 0002:00006254       crDragAlt
 0001:000C3A6C       CreateADOObject
 0001:000DD3E8       CreateAppStoragePropertyEngineList
 0001:0000D670       CreateAssertException
 0001:0000D7F8       CreateAVObject
 0001:00006A30       CreateBitmap
 0001:00006A38       CreateBrushIndirect
 0001:000A9AE0       CreateComObject
 0001:00006A40       CreateCompatibleBitmap
 0001:00006A48       CreateCompatibleDC
 0001:00022B98       CreateComponent
 0001:00006A58       CreateDIBitmap
 0001:00006A50       CreateDIBSection
 0001:00009464       CreateDir
 0001:00006770       CreateDirectory
 0001:00006778       CreateEvent
 0001:00006780       CreateFile
 0001:00000310       CreateFileA
 0001:00006A60       CreateFontIndirect
 0001:00006A68       CreateHalftonePalette
 0001:00006CC0       CreateIcon
 0001:0000D59C       CreateInOutError
 0001:00006CC8       CreateMenu
 0001:000374F4       CreateMessageDialog
 0001:000A9B18       CreateOleObject
 0001:00006A70       CreatePalette
 0001:00006A78       CreatePenIndirect
 0001:00006CD0       CreatePopupMenu
 0001:00006A80       CreateRectRgn
 0001:00006A88       CreateSolidBrush
 0001:0002C448       CreateSystemPalette
 0001:00006788       CreateThread
 0001:000072C0       CreateWindow
 0001:00007268       CreateWindowEx
 0002:0000112C       CreationControl
 0002:000009C4       CreationControl
 0002:000005F4       CRelationshipToBoolean
 0002:00000448       CResult
 0002:00006258       crMultiDragAlt
 0002:00006250       crMultiDragLink
 0002:0000625C       crMultiDragLinkAlt
 0002:00000148       cSimpleBoolStrs
 0002:0000059C       CText
 0002:000009A8       Ctl3DStyles
 0002:00001228       Ctl3DStyles
 0002:0001E620       curAlloc
 0001:00016FB4       CurrCompare
 0002:0001E690       CurrencyDecimals
 0002:0001E68C       CurrencyFormat
 0002:0001E688       CurrencyString
 0001:0000ADC4       CurrentYear
 0001:000168B0       CurrOp
 0001:000A8220       CurrToBCD
 0001:000CA710       CurrToBuffer
 0001:0000A620       CurrToStr
 0001:0000A688       CurrToStrF
 0001:000147EC       CurrToWStrViaOS
 0002:00005FFC       CursorLocationValues
 0002:00000F8C       CursorMap
 0002:00006004       CursorOptionValues
 0002:0000113C       Cursors
 0001:000729F0       CursorToIdent
 0002:00006038       CursorTypeValues
 0002:00000F7C       cUseAlpha
 0002:00000F84       cUseColorKey
 0002:00000DCC       CustomizeStyles
 0002:00000340       CVarTypeToElementInfo
 0001:000089F8       CvtInt
 0001:00008A64       CvtInt64
 0002:00000188       CWNear
 0002:00005CD0       CWNear
 0001:000B01F4       DatabaseError
 0001:000B02A0       DatabaseErrorFmt
 0001:00082C1C       DataError
 0001:0003AD70       DataTypeToRegData
 0002:0000604C       DataTypeValues
 0001:0000AD14       Date
 0001:00016F8C       DateCompare
 0001:000163E8       DateOp
 0002:0001E691       DateSeparator
 0001:000BC8F4       DateTimeToNative
 0001:000A49A4       DateTimeToSQLTimeStamp
 0001:0000B9D8       DateTimeToStr
 0001:0000B97C       DateTimeToString
 0001:0000A83C       DateTimeToTimeStamp
 0001:00014824       DateToWStrViaOS
 0001:000A3AAC       DateUtils
 0002:00006698       Day
 0001:000A3A58       DayOf
 0001:0000ACEC       DayOfWeek
 0001:000A39D8       DaysInAMonth
 0001:000BEF8C       DB
 0002:0001F498       DBApplication
 0001:000BFD74       DBCommon
 0001:000A3C5C       DBConsts
 0001:000DE7F0       DBCtrls
 0001:000DDBBC       DBLogDlg
 0001:000DE12C       DBPWDlg
 0002:0001F494       DBScreen
 0001:000DE264       DBUseRightToLeftAlignment
 0002:00000184       DCon10
 0002:000006B4       DDBsOnly
 0001:0005DE80       DeallocateHWnd
 0001:00093390       DeallocateHWnd
 0001:00028950       DeallocateHWnd
 0002:00000028       DebugHook
 0001:000DFB70       DECConst
 0002:0001E68F       DecimalSeparator
 0001:00018290       DecIndices
 0001:0000ACCC       DecodeDate
 0001:0000AB7C       DecodeDateFully
 0001:0000A9E4       DecodeTime
 0001:00000990       Decommit
 0001:000010BC       DecommitFree
 0002:0001E5FC       decommittedRoot
 0001:000E1D84       DECUtil
 0001:0006602C       Default
 0001:000607E8       Default
 0002:00000020       Default8087CW
 0001:000F1040       DefaultCipherClass
 0002:00001130       DefaultDockTreeClass
 0002:00005D0C       DefaultFieldClasses
 0001:000E2FE0       DefaultHashClass
 0001:000466E0       DefaultListViewSort
 0001:000DFF6C       DefaultStringFormat
 0002:00000034       DefaultTextLineBreakStyle
 0002:0001E5C0       DefaultUserCodePage
 0002:00000908       DefBrushData
 0002:00006BC0       DefCompanyName
 0002:00000688       DefFontData
 0001:00006CD8       DefFrameProc
 0001:00087888       deflate
 0001:000877BC       deflateBound
 0001:000881C0       deflateCopy
 0001:000880FC       deflateEnd
 0001:000864A4       deflateInit2
 0001:0008726C       deflateInit2_
 0001:000864D0       deflateInitEx
 0001:00087250       deflateInit_
 0001:000876B8       deflateParams
 0001:0008767C       deflatePrime
 0001:000875B4       deflateReset
 0001:000874A8       deflateSetDictionary
 0001:00087654       deflateSetHeader
 0002:00000214       DefLongDayNames
 0002:000001C8       DefLongMonthNames
 0001:00006CE0       DefMDIChildProc
 0002:000008E8       DefPenData
 0002:000001F8       DefShortDayNames
 0002:00000198       DefShortMonthNames
 0001:00006CE8       DefWindowProc
 0001:000F9F2C       DeInitLog
 0001:000054D8       DelayLoadResourceModule
 0001:000005AC       DeleteBlock
 0001:00006790       DeleteCriticalSection
 0001:000004BC       DeleteCriticalSection
 0001:00006A90       DeleteDC
 0001:00006A98       DeleteEnhMetaFile
 0001:00000EA4       DeleteFree
 0001:00006CF0       DeleteMenu
 0001:00006AA0       DeleteObject
 0001:000D7898       DeleteType
 0001:0002EBFC       DeselectBitmap
 0001:000C9950       DesignerDataStored
 0001:000DD3FC       DestroyAppStoragePropertyEngineList
 0001:00006CF8       DestroyCursor
 0001:00006D00       DestroyIcon
 0001:0003AA64       DestroyLocals
 0001:00006D08       DestroyMenu
 0001:00006D10       DestroyWindow
 0001:00059F8C       DialogEnumerationTester
 0001:000361A0       DialogHook
 0001:00037D1C       Dialogs
 0002:00000944       DIBPalSizes
 0002:00000090       dig
 0002:00005F7C       DIID_ConnectionEvents
 0002:00005F8C       DIID_RecordsetEvents
 0002:00000D44       Directions
 0001:00008FA0       DirectoryExists
 0001:0005DBB8       DisableTaskWindows
 0001:000A9D64       DispatchInvoke
 0001:000AA344       DispatchInvokeError
 0001:00006D18       DispatchMessage
 0001:00063E48       DispatchShortCut
 0001:000AA360       DispCall
 0001:000AA444       DispCallByID
 0002:0001E000       DispCallByIDProc
 0001:000AA270       DispCallError
 0001:000084F4       DivMod
 0001:00035944       Dlgs
 0002:0001E66C       DllProc
 0001:0008E4E0       DMAOfStream
 0001:00065274       DoAlign
 0001:00078768       DoAlign
 0001:000BBFA0       DoBindFields
 0001:0007C860       DoCalcConstraints
 0002:0001EC00       DockSiteList
 0001:0006EA80       DoClick
 0001:00079EAC       DoControlMsg
 0001:0005DB68       DoDisableWindow
 0001:00073730       DoDragOver
 0001:0007E8D0       DoFindControlZone
 0001:0005DCBC       DoFindWindow
 0001:0007EE5C       DoFindZone
 0001:0007E954       DoForEach
 0001:00080260       DoGetNextLimit
 0001:0005DB30       DoneApplication
 0001:00080FC0       DoneControls
 0001:0000DB2C       DoneExceptions
 0001:000621C4       DoNestedActivation
 0001:00026F50       DoneThreadSynchronization
 0001:0006732C       DoOnHelp
 0001:000650C4       DoPosition
 0001:00078328       DoPosition
 0001:000E11CC       DoProgress
 0001:0007F888       DoPrune
 0001:000CBC90       DoRecordsetDelete
 0001:0003914C       DoRect
 0001:0007FD60       DoSaveZone
 0001:0007FF64       DoSetNewBounds
 0002:00005CD4       Dot
 0002:00000610       DotSep
 0002:00000DA4       DownMessage
 0001:0002DD18       DoWrite
 0001:0001FBC8       DoWrite
 0001:0002D0FC       DoWrite
 0001:00069390       DoWrite
 0001:00079494       DoWriteDesignSize
 0001:0002855C       DoWriteHeight
 0001:000284F4       DoWriteHorizontalOffset
 0001:00076DEC       DoWriteIsControl
 0001:00028528       DoWriteVerticalOffset
 0001:000284CC       DoWriteWidth
 0001:000F4F50       DoXOR
 0002:0001EBE4       DragCapture
 0002:0001EBD8       DragControl
 0001:00073E78       DragDone
 0001:000736E0       DragFindTarget
 0001:000736B4       DragFindWindow
 0002:0001EBFC       DragImageList
 0001:00073AD0       DragInit
 0001:00073C40       DragInitControl
 0002:0001EBE0       DragInternalObject
 0001:000735FC       DragMessage
 0002:0001EBDC       DragObject
 0002:0001EC08       DragSave
 0002:0001EBF0       DragSaveCursor
 0002:0001EBE8       DragStartPos
 0002:0001EBF4       DragThreshold
 0001:00073800       DragTo
 0001:00066068       DrawAppIcon
 0002:00006BC4       DrawBitmap
 0001:0007F3F4       DrawCloseButton
 0001:00006D20       DrawEdge
 0001:00006D28       DrawFrameControl
 0001:0007F44C       DrawGrabberLine
 0001:00006D30       DrawIcon
 0001:00006D38       DrawIconEx
 0002:0000101C       DrawingStyles
 0001:00006D40       DrawMenuBar
 0001:0006FDF0       DrawMenuItem
 0001:00006D48       DrawText
 0002:0001E994       DrawThemeBackground
 0002:0001E9B8       DrawThemeEdge
 0002:0001E9BC       DrawThemeIcon
 0002:0001EA40       DrawThemeParentBackground
 0002:0001E998       DrawThemeText
 0001:0002BF0C       DupBits
 0001:00018238       DynArrayBounds
 0001:00005164       DynArrayClear
 0001:00018190       DynArrayDim
 0001:0001816C       DynArrayElTypeInfo
 0001:00018738       DynArrayFromVariant
 0001:00018128       DynArrayIndex
 0001:0000516C       DynArraySetLength
 0001:000181B8       DynArraySize
 0001:000183B4       DynArrayToVariant
 0001:000182FC       DynArrayVariantBounds
 0001:0001836C       DynArrayVarType
 0002:00001108       EdgeStyle
 0002:00001218       EdgeStyles
 0002:00000CE4       EditStyles
 0001:0000D570       EHeapException.FreeInstance
 0001:00006D50       EmptyClipboard
 0001:00016E18       EmptyCompare
 0001:00016818       EmptyOp
 0002:0001E808       EmptyParam
 0002:000000D0       EmptyStr
 0002:000000D4       EmptyWideStr
 0001:00006D58       EnableMenuItem
 0002:000010A0       Enables
 0001:00006D60       EnableScrollBar
 0001:0005DC6C       EnableTaskWindows
 0002:0001EA28       EnableThemeDialogTexture
 0002:0001EA44       EnableTheming
 0001:00006D68       EnableWindow
 0001:000F4BA4       Encode
 0001:0000AB4C       EncodeDate
 0001:0000A9A4       EncodeTime
 0001:0001E404       EndGlobalLoading
 0001:00006D70       EndPaint
 0001:00006798       EnterCriticalSection
 0001:000004AC       EnterCriticalSection
 0001:000067A0       EnumCalendarInfoA
 0002:0001E914       EnumDisplayMonitors
 0001:0000CD80       EnumEraNames
 0001:0000CDBC       EnumEraYearOffsets
 0001:00060DAC       EnumMonitorsProc
 0001:00006D78       EnumThreadWindows
 0001:00022348       EnumValue
 0001:00006D80       EnumWindows
 0001:000A99B8       EOleException.Create
 0001:000A98E8       EOleSysError.Create
 0001:00006D88       EqualRect
 0002:0001E758       EraNames
 0001:0000C004       EraToYear
 0001:0000BC64       EraToYear
 0002:0001E774       EraYearOffsets
 0002:00000068       errCaption
 0001:0001D910       Error
 0001:00021B2C       Error
 0001:00001D48       Error
 0001:0006AA80       Error
 0002:00000004       ErrorAddr
 0001:00001CFC       ErrorAt
 0001:0000D61C       ErrorHandler
 0002:00000230       ErrorMap
 0002:0001E008       ErrorProc
 0002:0001E3E8       ErrOutput
 0001:000B0120       EUpdateError.Create
 0001:000B01C4       EUpdateError.Destroy
 0002:000060E4       EventReasonValues
 0002:00005E64       Events
 0002:00006120       EventStatusValues
 0001:00001C88       ExceptAddr
 0002:0001E00C       ExceptClsProc
 0001:0000DA98       ExceptHandler
 0001:0000D39C       Exception.Create
 0001:0000D3D8       Exception.CreateFmt
 0001:0000D528       Exception.CreateHelp
 0001:0000D458       Exception.CreateRes
 0001:0000D494       Exception.CreateResFmt
 0002:0001E01C       ExceptionClass
 0001:0000D118       ExceptionErrorMessage
 0002:00000268       ExceptMap
 0001:00001C68       ExceptObject
 0002:0001E010       ExceptObjProc
 0002:0001E004       ExceptProc
 0001:00006AA8       ExcludeClipRect
 0001:0000E134       ExcludeTrailingPathDelimiter
 0001:000C3E6C       ExecuteOptionsToOrd
 0002:00006134       ExecuteOptionValues
 0002:00000000       ExitCode
 0001:00003B48       ExitDll
 0002:0001E048       ExitProc
 0001:00000370       ExitProcess
 0002:0001E028       ExitProcessProc
 0001:00006348       ExitProcessTLS
 0001:00006320       ExitThreadTLS
 0001:000093A8       ExpandFileName
 0001:000F3A84       ExpandKey
 0001:0008E828       ExpandStream
 0001:00036478       ExplorerHook
 0001:0003B454       ExtActns
 0001:0003A86C       ExtCtrls
 0001:0003AB8C       ExtDlgs
 0001:000C4F9C       ExtractCommandType
 0001:000C3EE8       ExtractFieldName
 0001:000B0374       ExtractFieldName
 0001:000092D4       ExtractFileDir
 0001:00009360       ExtractFileExt
 0001:00036AF0       ExtractFileName
 0001:00009328       ExtractFileName
 0001:00036B38       ExtractFileNames
 0001:000092A0       ExtractFilePath
 0001:000A8F60       ExtractLiterals
 0001:000A8BB4       ExtractMoneySymbol
 0001:000C4C14       ExtractUserID
 0001:00006AB0       ExtTextOut
 0001:000F4C50       F32
 0002:0001F264       FAccept
 0002:0001E794       FalseBoolStrs
 0002:0001F260       FBind
 0002:0001CE68       FCipherList
 0002:0001EAC4       FClipboard
 0002:0001F25C       FCloseSocket
 0002:00000178       FCon1E18
 0002:0001F258       FConnect
 0002:00005CCC       FConst10
 0002:00006C30       FCPUType
 0002:0001CE64       FDefaultCipherClass
 0002:0000E3BC       FDefaultHashClass
 0002:00005BF8       FDll2Handle
 0002:00005BF4       FDllHandle
 0002:0001F204       FGetHostByAddr
 0002:0001F200       FGetHostByName
 0002:0001F208       FGetHostName
 0002:0001F254       FGetPeerName
 0002:0001F1FC       FGetProtoByName
 0002:0001F1F8       FGetServByName
 0002:0001F250       FGetSockName
 0002:0001F218       FGetSockOpt
 0001:000F9AFC       fGlobalVar
 0001:000FA45C       fGlobalVarDM
 0002:0000E3C0       FHashList
 0002:0001F24C       Fhtonl
 0002:0001F248       Fhtons
 0001:000FAD1C       fICONSInterfaceExportBNI
 0001:000FEEC4       fICONSInterfaceExportBNIForm
 0001:000C42AC       FieldListCheckSum
 0002:00005DA4       FieldTypeNames
 0001:00008F28       FileAge
 0001:00008F20       FileClose
 0001:00008E88       FileCreate
 0001:00008E64       FileCreate
 0001:00008F90       FileExists
 0002:0000093C       FileFormats
 0002:00000008       FileMode
 0001:00002104       FileNOPProc
 0001:00008E0C       FileOpen
 0001:00008E90       FileRead
 0002:0000064C       FilerSignature
 0001:00008EE8       FileSeek
 0001:000067A8       FileTimeToDosDateTime
 0001:000067B0       FileTimeToLocalFileTime
 0001:00008EBC       FileWrite
 0001:00000FDC       FillAfterGap
 0001:00000F7C       FillBeforeGap
 0001:0000107C       FillerSizeAfterGap
 0001:00001004       FillerSizeBeforeGap
 0001:00006D90       FillRect
 0002:00006144       FilterGroupValues
 0001:00032D14       Finalization
 0001:000D0A00       Finalization
 0001:000FEECC       Finalization
 0001:000FEE94       Finalization
 0001:00037CC0       Finalization
 0001:000FACE0       Finalization
 0001:0003A824       Finalization
 0001:0003A8AC       Finalization
 0001:000FA758       Finalization
 0001:000D7EA8       Finalization
 0001:000FA578       Finalization
 0001:000D087C       Finalization
 0001:000FA540       Finalization
 0001:0003A8E4       Finalization
 0001:000BF2F4       Finalization
 0001:000BF0A4       Finalization
 0001:000BFD44       Finalization
 0001:000BEF30       Finalization
 0001:000700D0       Finalization
 0001:000D83EC       Finalization
 0001:000D8548       Finalization
 0001:000D85B0       Finalization
 0001:000D0D08       Finalization
 0001:000D878C       Finalization
 0001:000FA42C       Finalization
 0001:000FA058       Finalization
 0001:000D08E8       Finalization
 0001:000D1F58       Finalization
 0001:000D87DC       Finalization
 0001:0003AA2C       Finalization
 0001:0003AAFC       Finalization
 0001:0003AB5C       Finalization
 0001:00006400       Finalization
 0001:0003ABAC       Finalization
 0001:000D89A0       Finalization
 0001:0003B348       Finalization
 0001:00032394       Finalization
 0001:00028978       Finalization
 0001:0003B3AC       Finalization
 0001:00028D6C       Finalization
 0001:000D9C08       Finalization
 0001:0003B404       Finalization
 0001:0003D068       Finalization
 0001:00035914       Finalization
 0001:0003245C       Finalization
 0001:000AA598       Finalization
 0001:000F9ACC       Finalization
 0001:00069AE0       Finalization
 0001:000DD410       Finalization
 0001:00081230       Finalization
 0001:000A96F4       Finalization
 0001:000DD4B0       Finalization
 0001:000103A4       Finalization
 0001:000F8B00       Finalization
 0001:000A967C       Finalization
 0001:000BFEA4       Finalization
 0001:00081B98       Finalization
 0001:00081D0C       Finalization
 0001:000F7714       Finalization
 0001:0008224C       Finalization
 0001:000DDB8C       Finalization
 0001:000D0844       Finalization
 0001:000D1570       Finalization
 0001:00033CFC       Finalization
 0001:00006508       Finalization
 0001:00032CDC       Finalization
 0001:000D07A0       Finalization
 0001:00006144       Finalization
 0001:000358DC       Finalization
 0001:000DE0F0       Finalization
 0001:00082428       Finalization
 0001:00035894       Finalization
 0001:00082490       Finalization
 0001:000357F4       Finalization
 0001:000BFF54       Finalization
 0001:000825C4       Finalization
 0001:000357BC       Finalization
 0001:0008272C       Finalization
 0001:00082794       Finalization
 0001:000827CC       Finalization
 0001:0003271C       Finalization
 0001:00082804       Finalization
 0001:00035784       Finalization
 0001:0008283C       Finalization
 0001:000D1C3C       Finalization
 0001:00083BB0       Finalization
 0001:0003574C       Finalization
 0001:00083D24       Finalization
 0001:000D1C04       Finalization
 0001:00083E80       Finalization
 0001:00035714       Finalization
 0001:000DE7AC       Finalization
 0001:00068340       Finalization
 0001:000DFAA8       Finalization
 0001:0000FB80       Finalization
 0001:00031A7C       Finalization
 0001:0008467C       Finalization
 0001:0000F980       Finalization
 0001:000D1BCC       Finalization
 0001:000847FC       Finalization
 0001:00034C40       Finalization
 0001:000D1B94       Finalization
 0001:00084964       Finalization
 0001:00084AC0       Finalization
 0001:00034BD0       Finalization
 0001:000D1B5C       Finalization
 0001:00085710       Finalization
 0001:0008586C       Finalization
 0001:000DFB40       Finalization
 0001:000859C4       Finalization
 0001:000A4B80       Finalization
 0001:000D1C74       Finalization
 0001:00085EA4       Finalization
 0001:000065D4       Finalization
 0001:00007410       Finalization
 0001:000077A0       Finalization
 0001:000A3C2C       Finalization
 0001:000A3A7C       Finalization
 0001:000A39A0       Finalization
 0001:00053624       Finalization
 0001:000863DC       Finalization
 0001:000A2FB4       Finalization
 0001:0001B770       Finalization
 0001:0009A300       Finalization
 0001:00033D44       Finalization
 0001:000D1AA4       Finalization
 0001:00033D7C       Finalization
 0001:00099EFC       Finalization
 0001:0003424C       Finalization
 0001:000D1B24       Finalization
 0001:000340A0       Finalization
 0001:00054238       Finalization
 0001:0001B690       Finalization
 0001:000D1AEC       Finalization
 0001:000EFE6C       Finalization
 0001:0008E220       Finalization
 0001:0008EAC4       Finalization
 0001:00059418       Finalization
 0001:0008F440       Finalization
 0001:0008FE04       Finalization
 0001:00059580       Finalization
 0001:00090048       Finalization
 0001:0005A204       Finalization
 0001:0005BCBC       Finalization
 0001:000E1D38       Finalization
 0001:00019AA4       Finalization
 0001:00019870       Finalization
 0001:000F6974       Finalization
 0001:0000515C       FinalizeArray
 0001:00085C30       FinalizeMMFHandleList
 0001:00084498       FinalizeSysInfo
 0001:000038B8       FinalizeUnits
 0001:00081A0C       FinalizeUnitVersioning
 0001:000D1A30       FinalizeWMPrintClientFix
 0001:0006E840       Find
 0001:00024E7C       FindAncestor
 0001:00005568       FindBS
 0001:0004ECC0       FindButton
 0001:0001DE2C       FindClass
 0001:000054D0       FindClassHInstance
 0001:00000380       FindClose
 0001:00009168       FindClose
 0001:000067B8       FindClose
 0001:00000F38       FindCommitted
 0001:000727D0       FindControl
 0001:0004FC28       FindControl
 0001:0007F088       FindControlAtPos
 0001:0001972C       FindCustomVariantType
 0001:00019674       FindCustomVariantType
 0001:0007419C       FindDragTarget
 0001:00022D48       FindExistingComponent
 0001:00009118       FindFirst
 0001:00000388       FindFirstFile
 0001:000067C0       FindFirstFile
 0001:0001E294       FindGlobalComponent
 0001:0005DDC8       FindGlobalComponent
 0002:0001E86C       FindGlobalComponentProcs
 0001:000054A8       FindHInstance
 0001:0001E13C       FindIdentToInt
 0001:0001E0C0       FindIntToIdent
 0001:000090AC       FindMatchingFile
 0002:0001EA84       FindMsg
 0001:00021ED8       FindNestedComponent
 0001:000067C8       FindNextFile
 0001:0006AA48       FindPopupControl
 0001:0001006C       FindProc
 0001:000067D0       FindResource
 0001:00005520       FindResourceHInstance
 0001:00067B70       FindScanline
 0001:0005DD20       FindTopMostWindow
 0001:00023C2C       FindUniqueName
 0001:00017958       FindVarData
 0001:00074168       FindVCLWindow
 0001:000F68A0       FindVirtualMethodAndChange
 0001:00006D98       FindWindow
 0001:00059FE4       FindWinHelp
 0001:000D1960       FindWMPrintClient
 0002:0001F244       FInet_addr
 0002:0001F240       FInet_ntoa
 0002:0001F238       FIoctlSocket
 0002:00000E08       FixedBmpStyles
 0002:00000E10       FixedSizeStyles
 0002:00000DE0       FixedStyles
 0001:000D18EC       FixedWMPrintClient
 0001:00085098       FixKeyValue
 0001:0002EFF4       FixupBitFields
 0002:00001118       Flags
 0002:0001E7A4       FLanguages
 0002:00000DBC       FlatOnXp
 0001:000340D0       FlatSB
 0002:0001E954       FlatSB_EnableScrollBar
 0002:0001E960       FlatSB_GetScrollInfo
 0002:0001E964       FlatSB_GetScrollPos
 0002:0001E95C       FlatSB_GetScrollRange
 0002:0001E96C       FlatSB_SetScrollInfo
 0002:0001E968       FlatSB_SetScrollPos
 0001:00033DC0       FlatSB_SetScrollProp
 0002:0001E970       FlatSB_SetScrollRange
 0002:0001E958       FlatSB_ShowScrollBar
 0002:00000DB4       FlatStyles
 0002:0001F234       FListen
 0001:0000A2B0       FloatToDecimal
 0001:0000A5F0       FloatToStr
 0001:0000A650       FloatToStrF
 0001:00009CE8       FloatToText
 0001:00009FBC       FloatToTextFmt
 0001:000023D0       Flush
 0001:000FA570       fMainDM
 0002:0000018C       FMSecsPerDay
 0001:000A96B8       FMTBcd
 0002:00005C98       FMTBcdVariantType
 0001:00009BDC       FmtStr
 0002:0001F230       Fntohl
 0002:0001F22C       Fntohs
 0002:00000F00       FocusCount
 0002:00000EFC       FocusMessages
 0002:00000858       FontCharsets
 0002:0001E8E4       FontManager
 0002:0001F20C       FOpenSocket
 0002:000009C0       ForceCurrentDirectory
 0001:00008FC4       ForceDirectories
 0001:0005DD9C       ForegroundTask
 0002:00000194       Format
 0001:00009BC8       Format
 0001:000A95B4       FormatBcd
 0001:000097B8       FormatBuf
 0001:000097AC       FormatClearStr
 0001:0000A718       FormatCurr
 0001:0000B9EC       FormatDateTime
 0001:00009730       FormatError
 0002:00000170       FormatErrorStrs
 0001:0000A6C0       FormatFloat
 0001:000A396C       FormatMaskText
 0001:000067D8       FormatMessage
 0001:000A91FC       FormatOneBcd
 0001:000E1388       FormatToStr
 0001:00009788       FormatVarToStr
 0001:0006839C       Forms
 0001:00002900       FPower10
 0002:0000098C       FPrinter
 0001:000FA788       FProgress
 0001:000A7F24       FractionToStr
 0001:00039210       Frame3D
 0001:00006DA0       FrameRect
 0002:0001F224       FRecv
 0002:0001F228       FRecvFrom
 0001:0000F560       FreeAndNil
 0001:00000C38       FreeCommitted
 0001:00001270       FreeCurAlloc
 0001:0007425C       FreeDeviceContext
 0001:00074318       FreeDeviceContexts
 0001:00028124       FreeIntConstList
 0001:000067E0       FreeLibrary
 0001:00000390       FreeLibrary
 0001:0002EB50       FreeMemoryContexts
 0001:00028878       FreeObjectInstance
 0001:0005DE64       FreeObjectInstance
 0001:000067F0       FreeResource
 0001:00000808       FreeSpace
 0001:0000EED8       FreeTerminateProcs
 0001:00034284       FreeThemeLibrary
 0001:000D783C       FreeTypeData
 0002:0001EB24       FRichEditModule
 0002:0001F220       FSend
 0002:0001F21C       FSendTo
 0002:0001F214       FSetSockOpt
 0002:0001F210       FShutdown
 0001:000FA5A8       fSiklus2
 0002:00006C38       FStrFMT
 0002:00006C34       FStrFMTs
 0001:000A2FF0       FtpCli
[...]
  3463 0001:000F5A14  3464 0001:000F5A1E  3466 0001:000F5A2A  3467 0001:000F5A30
  3468 0001:000F5A3A  3469 0001:000F5A3D  3464 0001:000F5A3E  3470 0001:000F5A43
  3471 0001:000F5A6A  3480 0001:000F5A70  3481 0001:000F5A78  3482 0001:000F5AAC
  3487 0001:000F5AB0  3493 0001:000F5AC3  3494 0001:000F5AD3  3495 0001:000F5AE3
  3497 0001:000F5AF8  3499 0001:000F5B06  3500 0001:000F5B1A  3501 0001:000F5B3F
  3497 0001:000F5B44  3506 0001:000F5B49  3507 0001:000F5B53  3508 0001:000F5B5B
  3510 0001:000F5B62  3511 0001:000F5B7B  3512 0001:000F5B8E  3508 0001:000F5B8F
  3514 0001:000F5B94  3519 0001:000F5B9C  3544 0001:000F5BB7  3546 0001:000F5BBE
  3547 0001:000F5BC2  3548 0001:000F5BC8  3549 0001:000F5BCB  3558 0001:000F5C5E
  3566 0001:000F5D05  3544 0001:000F5D0A  3568 0001:000F5D13  3569 0001:000F5D17
  3570 0001:000F5D1D  3571 0001:000F5D20  3575 0001:000F5D75  3579 0001:000F5DCC
  3580 0001:000F5DD5  3582 0001:000F5DE1  3591 0001:000F5DE8  3592 0001:000F5E02
  3593 0001:000F5E13  3594 0001:000F5E25  3595 0001:000F5E38  3596 0001:000F5E3F
  3597 0001:000F5E4E  3598 0001:000F5E5D  3599 0001:000F5E72  3600 0001:000F5E9D
  3615 0001:000F5E9F  3617 0001:000F5EA7  3618 0001:000F5EA8  3619 0001:000F5EBD
  3620 0001:000F5EC2  3622 0001:000F5EC4  3623 0001:000F5EC5  3624 0001:000F5ED5
  3620 0001:000F5EF1  3626 0001:000F5EF5  3615 0001:000F5EF8  3627 0001:000F5EFC
  3628 0001:000F5F04  3629 0001:000F5F0C  3630 0001:000F5F3B  3631 0001:000F5F4F
  3632 0001:000F5F64  3634 0001:000F5F6C  3635 0001:000F5F8F  3636 0001:000F5FA0
  3637 0001:000F5FB3  3632 0001:000F5FB7  3640 0001:000F5FBC  3641 0001:000F5FEA
  3642 0001:000F6001  3643 0001:000F6018  3645 0001:000F605E  3646 0001:000F6070
  3647 0001:000F6082  3648 0001:000F6094  3649 0001:000F60A6  3650 0001:000F60B8
  3651 0001:000F60C6  3654 0001:000F60D0  3655 0001:000F60D3  3656 0001:000F60D9
  3657 0001:000F60DF  3658 0001:000F60E8  3662 0001:000F60EC  3663 0001:000F60F1
  3664 0001:000F60F2  3665 0001:000F60FA  3666 0001:000F6102  3667 0001:000F610A
  3668 0001:000F6112  3676 0001:000F6114  3677 0001:000F6123  3678 0001:000F612A
  3679 0001:000F6135  3680 0001:000F613F  3681 0001:000F6149  3682 0001:000F6153
  3683 0001:000F6158  3685 0001:000F6160  3689 0001:000F61A3  3693 0001:000F61F2
  3697 0001:000F6241  3702 0001:000F626E  3704 0001:000F6273  3683 0001:000F627F
  3707 0001:000F6289  3711 0001:000F62E0  3715 0001:000F6341  3719 0001:000F63A2
  3723 0001:000F63E4  3731 0001:000F63EC  3732 0001:000F63FB  3733 0001:000F6407
  3734 0001:000F6412  3735 0001:000F641C  3736 0001:000F6426  3737 0001:000F6430
  3739 0001:000F6435  3741 0001:000F643D  3745 0001:000F6480  3749 0001:000F64CF
  3753 0001:000F651E  3758 0001:000F654B  3759 0001:000F6550  3739 0001:000F655C
  3762 0001:000F6566  3766 0001:000F65BD  3770 0001:000F661E  3774 0001:000F667F
  3778 0001:000F66C1  3787 0001:000F66CC  3788 0001:000F66DD  3789 0001:000F66E8
  3790 0001:000F66F1  3791 0001:000F6701  3792 0001:000F670E  3794 0001:000F6713
  3795 0001:000F675A  3796 0001:000F6780  3797 0001:000F67A7  3798 0001:000F67CE
  3799 0001:000F67D0  3802 0001:000F6865  3798 0001:000F6866  3803 0001:000F686F
  3792 0001:000F6870  3804 0001:000F6879  3805 0001:000F688B  3806 0001:000F6896
  3857 0001:000F68A0  3858 0001:000F68A9  3859 0001:000F68AE  3860 0001:000F68B9
  3861 0001:000F68CE  3862 0001:000F68DC  3864 0001:000F68EE  3866 0001:000F6909
  3874 0001:000F6910  3875 0001:000F6914  3876 0001:000F6928  3877 0001:000F693A
  3878 0001:000F695F  3876 0001:000F696C  3879 0001:000F6971  3918 0001:000F6974
  3920 0001:000F6997  3921 0001:000F69A1  3922 0001:000F69BD  3882 0001:000F69C0
  3885 0001:000F69CD  3887 0001:000F69D7  3889 0001:000F69EB  3895 0001:000F69FF
  3898 0001:000F6A09  3899 0001:000F6A17  3900 0001:000F6A25  3901 0001:000F6A33
  3902 0001:000F6A44  3903 0001:000F6A52  3904 0001:000F6A63  3905 0001:000F6A77
  3906 0001:000F6A88  3907 0001:000F6A9C  3908 0001:000F6AAD  3909 0001:000F6AC1
  3910 0001:000F6ACF  3911 0001:000F6ADD  3912 0001:000F6AEB  3913 0001:000F6AFC
  3914 0001:000F6B0D  3916 0001:000F6B1B

Line numbers for HCMngr(HCMngr.pas) segment .text

   127 0001:000F6EE0   128 0001:000F6F06   129 0001:000F6F10   130 0001:000F6F24
   132 0001:000F6F56   133 0001:000F6F6B   134 0001:000F6F6D   129 0001:000F6F6E
   135 0001:000F6F93   138 0001:000F6F9C   139 0001:000F6FBE   140 0001:000F7005
   143 0001:000F700C   144 0001:000F7012   145 0001:000F701B   146 0001:000F703A
   149 0001:000F7050   150 0001:000F7070   151 0001:000F7077   153 0001:000F7080
   154 0001:000F7096   156 0001:000F709A   157 0001:000F70B3   159 0001:000F70CD
   160 0001:000F70E4   163 0001:000F712F   166 0001:000F7168   167 0001:000F718E
   175 0001:000F7190   176 0001:000F7193   177 0001:000F719D   180 0001:000F71A0
   181 0001:000F71A3   182 0001:000F71B7   183 0001:000F71BA   192 0001:000F71BC
   193 0001:000F71BF   195 0001:000F71C4   196 0001:000F71CF   197 0001:000F71D2
   198 0001:000F71DA   199 0001:000F71DF   201 0001:000F71E7   204 0001:000F71EC
   205 0001:000F71F2   206 0001:000F7200   209 0001:000F7204   210 0001:000F7224
   211 0001:000F7252   214 0001:000F7258   215 0001:000F7263   216 0001:000F726B
   217 0001:000F7270   218 0001:000F7287   252 0001:000F728C   254 0001:000F7291
   255 0001:000F7296   257 0001:000F72A3   261 0001:000F72A4   262 0001:000F72A9
   263 0001:000F72B3   266 0001:000F72B4   267 0001:000F72B8   269 0001:000F72BE
   270 0001:000F72D5   272 0001:000F72DB   273 0001:000F72DE   276 0001:000F72E4
   277 0001:000F72E7   278 0001:000F72F5   279 0001:000F72F8   282 0001:000F72FC
   283 0001:000F7302   285 0001:000F730D   286 0001:000F7315   287 0001:000F731A
   289 0001:000F731D   292 0001:000F7320   293 0001:000F7326   294 0001:000F7334
   297 0001:000F7338   298 0001:000F7358   299 0001:000F7386   302 0001:000F738C
   303 0001:000F73AC   304 0001:000F73B3   306 0001:000F73BC   307 0001:000F73D2
   309 0001:000F73D6   310 0001:000F73EF   312 0001:000F7409   313 0001:000F7420
   316 0001:000F7470   319 0001:000F74A0   320 0001:000F74C6   326 0001:000F74C8
   327 0001:000F74EE   328 0001:000F74F8   329 0001:000F750C   331 0001:000F753E
   332 0001:000F7553   333 0001:000F7555   328 0001:000F7556   334 0001:000F757B
   337 0001:000F7584   338 0001:000F75A6   339 0001:000F75ED   342 0001:000F75F4
   343 0001:000F75FD   344 0001:000F7608   345 0001:000F7612   346 0001:000F761B
   349 0001:000F7620   350 0001:000F7626   351 0001:000F762F   352 0001:000F764E
   355 0001:000F7664   356 0001:000F766F   357 0001:000F7677   358 0001:000F767C
   359 0001:000F7693   362 0001:000F7698   363 0001:000F76A1   364 0001:000F76BD
   365 0001:000F76CD   418 0001:000F76D4   419 0001:000F76DD   420 0001:000F76F0
   423 0001:000F76F4   424 0001:000F76FD   425 0001:000F7710   428 0001:000F7744
   428 0001:000F774B

Line numbers for fGlobalVar(..\shares\fGlobalVar.pas) segment .text

   903 0001:000F8D3C   904 0001:000F8D5F   905 0001:000F8D6B   906 0001:000F8D8D
   907 0001:000F8D99   908 0001:000F8DA5   909 0001:000F8DC7   910 0001:000F8DD3
   911 0001:000F8DF8   912 0001:000F8E02   913 0001:000F8E11   914 0001:000F8E65
   919 0001:000F8E7C   920 0001:000F8E9D   921 0001:000F8EAC   922 0001:000F8EBA
   923 0001:000F8EC7   925 0001:000F8EE9   926 0001:000F8F0F   931 0001:000F8F68
   932 0001:000F8F78   934 0001:000F8FB0   935 0001:000F8FD1   936 0001:000F8FE8
   937 0001:000F8FFF   938 0001:000F9016   939 0001:000F902D   940 0001:000F9044
   941 0001:000F905B   942 0001:000F9072   943 0001:000F9089   945 0001:000F90A5
   947 0001:000F90D7   964 0001:000F914C   965 0001:000F914F   966 0001:000F9156
   967 0001:000F915D   977 0001:000F9160   978 0001:000F9164   979 0001:000F917A
   980 0001:000F9186   981 0001:000F9198   982 0001:000F91A8   986 0001:000F91EC
   987 0001:000F91F7  1000 0001:000F91F8  1001 0001:000F9211  1003 0001:000F9257
  1112 0001:000F92F0  1113 0001:000F92F6  1114 0001:000F9319  1142 0001:000F9338
  1143 0001:000F933E  1144 0001:000F9354  1153 0001:000F9388  1154 0001:000F938E
  1155 0001:000F93A4  1275 0001:000F93D4  1276 0001:000F93DA  1277 0001:000F93F0
  1286 0001:000F9428  1287 0001:000F9441  1288 0001:000F9486  1296 0001:000F94C8
  1298 0001:000F94E7  1299 0001:000F9517  1300 0001:000F9554  1345 0001:000F958C
  1346 0001:000F95A5  1347 0001:000F95E5  1490 0001:000F9620  1491 0001:000F963C
  1492 0001:000F9696  1495 0001:000F96CC  1496 0001:000F96D2  1497 0001:000F96E8
  1529 0001:000F9714  1530 0001:000F971A  1531 0001:000F9730  1550 0001:000F9760
  1551 0001:000F9766  1552 0001:000F9779  1611 0001:000F9794  1612 0001:000F979A
  1613 0001:000F97AD  1621 0001:000F97D4  1622 0001:000F97DA  1623 0001:000F97ED
  2016 0001:000F9810  2017 0001:000F9829  2018 0001:000F986E  2106 0001:000F98B0
  2107 0001:000F98B6  2108 0001:000F98C9  2423 0001:000F98EC  2424 0001:000F9905
  2425 0001:000F994A  2543 0001:000F998C  2544 0001:000F99A5  2545 0001:000F99EA
  2548 0001:000F9A2C  2549 0001:000F9A45  2550 0001:000F9A8A  2725 0001:000F9AFC
  2725 0001:000F9B03

Line numbers for futils(..\shares\futils.pas) segment .text

   427 0001:000F9BD0   428 0001:000F9C02   429 0001:000F9C0D   430 0001:000F9C11
   431 0001:000F9C20   432 0001:000F9C46   433 0001:000F9C4E   429 0001:000F9C4F
   435 0001:000F9C53   436 0001:000F9C62   437 0001:000F9C81   438 0001:000F9CAE
   441 0001:000F9CB8   442 0001:000F9CD8   443 0001:000F9D1A   456 0001:000F9D2C
   457 0001:000F9D53   458 0001:000F9DB6   476 0001:000F9DDC   477 0001:000F9E07
   478 0001:000F9E0A   480 0001:000F9E26   481 0001:000F9E42   483 0001:000F9E68
   486 0001:000F9E7C   488 0001:000F9EA1   489 0001:000F9EBB   491 0001:000F9ED3
   492 0001:000F9EFC   495 0001:000F9F2C   496 0001:000F9F47   497 0001:000F9F4E
   498 0001:000F9F5C   499 0001:000F9F70   500 0001:000F9F85   502 0001:000F9F99
   503 0001:000F9FBE   572 0001:000F9FD4   573 0001:000F9FFF   574 0001:000FA00F
   575 0001:000FA04F   784 0001:000FA104   784 0001:000FA10B

Line numbers for fGlobalVarDM(..\shares\fGlobalVarDM.pas) segment .text

    51 0001:000FA270    52 0001:000FA288    53 0001:000FA2D0    70 0001:000FA2E8
    71 0001:000FA301    73 0001:000FA304    74 0001:000FA30B    75 0001:000FA317
    76 0001:000FA328    77 0001:000FA378    78 0001:000FA37F    79 0001:000FA38E
    81 0001:000FA3B9   391 0001:000FA45C   391 0001:000FA463

Line numbers for fMainDM(fMainDM.pas) segment .text

    26 0001:000FA570    26 0001:000FA577

Line numbers for fSiklus2(..\shares\fSiklus2.pas) segment .text

    67 0001:000FA5A8    67 0001:000FA5AF

Line numbers for FProgress(FProgress.pas) segment .text

    28 0001:000FA788    28 0001:000FA78F

Line numbers for fICONSInterfaceExportBNI(fICONSInterfaceExportBNI.pas) segment .text

    21 0001:000FA790    22 0001:000FA7AD    23 0001:000FA7BE    24 0001:000FA7CC
    25 0001:000FA7DA    26 0001:000FA804    27 0001:000FA81C    28 0001:000FA834
    29 0001:000FA842    30 0001:000FA859    31 0001:000FA865    35 0001:000FA8AD
    36 0001:000FA8C5    37 0001:000FA8DD    38 0001:000FA8EB    39 0001:000FA91F
    41 0001:000FA93B    42 0001:000FA947    47 0001:000FA968    48 0001:000FA96D
    49 0001:000FA979    52 0001:000FA99A    54 0001:000FA9D9    57 0001:000FAA20
    58 0001:000FAA3D    59 0001:000FAA4E    60 0001:000FAA5C    61 0001:000FAA6A
    62 0001:000FAA94    63 0001:000FAAAC    64 0001:000FAAC4    65 0001:000FAAD2
    66 0001:000FAAE9    67 0001:000FAAF5    71 0001:000FAB3D    72 0001:000FAB55
    73 0001:000FAB6D    74 0001:000FAB85    75 0001:000FAB93    76 0001:000FABC7
    77 0001:000FABD5    79 0001:000FABEE    80 0001:000FABFA    81 0001:000FAC06
    86 0001:000FAC27    87 0001:000FAC2C    88 0001:000FAC38    91 0001:000FAC59
    93 0001:000FAC98    95 0001:000FAD1C    95 0001:000FAD23

Line numbers for fICONSInterfaceExportBNIForm(fICONSInterfaceExportBNIForm.pas) segment .text

   149 0001:000FB0A0   150 0001:000FB0C7   152 0001:000FB0D0   154 0001:000FB0E3
   157 0001:000FB133   163 0001:000FB15C   164 0001:000FB161   173 0001:000FB164
   174 0001:000FB198   175 0001:000FB1A6   178 0001:000FB1B4   180 0001:000FB1CE
   182 0001:000FB214   183 0001:000FB222   184 0001:000FB232   187 0001:000FB23C
   192 0001:000FB248   194 0001:000FB282   196 0001:000FB2CD   198 0001:000FB318
   200 0001:000FB357   202 0001:000FB396   204 0001:000FB3D5   211 0001:000FB468
   213 0001:000FB4A7   217 0001:000FB515   220 0001:000FB54A   222 0001:000FB589
   225 0001:000FB5C8   227 0001:000FB5EF   229 0001:000FB630   231 0001:000FB671
   233 0001:000FB6B2   235 0001:000FB6F1   237 0001:000FB730   239 0001:000FB76F
   241 0001:000FB7AE   243 0001:000FB7ED   245 0001:000FB82C   247 0001:000FB86B
   249 0001:000FB8AA   251 0001:000FB8C2   252 0001:000FB8C9   253 0001:000FB8E2
   254 0001:000FB8FB   255 0001:000FB97F   257 0001:000FB989   189 0001:000FB990
   263 0001:000FB99F   264 0001:000FB9AC   266 0001:000FB9C1   269 0001:000FB9E0
   271 0001:000FB9E2   272 0001:000FB9E6   273 0001:000FBA07   277 0001:000FBA3A
   279 0001:000FBA95   287 0001:000FBD7C   288 0001:000FBD99   289 0001:000FBDA2
   290 0001:000FBDCE   291 0001:000FBDDB   290 0001:000FBDE9   292 0001:000FBE09
   301 0001:000FBE24   302 0001:000FBE41   303 0001:000FBE4C   306 0001:000FBE5D
   307 0001:000FBE67   308 0001:000FBE76   307 0001:000FBE83   309 0001:000FBE86
   311 0001:000FBEAD   316 0001:000FBEC4   317 0001:000FBEDF   319 0001:000FBEE9
   320 0001:000FBEF0   321 0001:000FBEFC   322 0001:000FBF2A   323 0001:000FBF58
   324 0001:000FBF69   325 0001:000FBF72   326 0001:000FBF83   327 0001:000FBF94
   330 0001:000FBFA5   331 0001:000FBFB6   333 0001:000FBFDF   343 0001:000FC104
   348 0001:000FC127   355 0001:000FC135   356 0001:000FC13E   358 0001:000FC142
   361 0001:000FC19A   363 0001:000FC19E   366 0001:000FC1A2   368 0001:000FC1A4
   370 0001:000FC1AC   372 0001:000FC1BA   374 0001:000FC1CB   376 0001:000FC1DB
   377 0001:000FC1EB   379 0001:000FC1F5   381 0001:000FC20F   383 0001:000FC227
   385 0001:000FC237   386 0001:000FC24E   390 0001:000FC2A8   393 0001:000FC2B0
   394 0001:000FC2BB   395 0001:000FC2D8   396 0001:000FC2F8   397 0001:000FC304
   398 0001:000FC310   399 0001:000FC317   411 0001:000FC331   412 0001:000FC33D
   416 0001:000FC354   417 0001:000FC36C   420 0001:000FC376   421 0001:000FC3C4
   423 0001:000FC3E1   426 0001:000FC3EC   429 0001:000FC3FA   430 0001:000FC413
   431 0001:000FC41F   432 0001:000FC42B   436 0001:000FC432   437 0001:000FC470
   438 0001:000FC4AE   444 0001:000FC4E9   445 0001:000FC501   448 0001:000FC50B
   449 0001:000FC559   451 0001:000FC576   454 0001:000FC581   457 0001:000FC58F
   458 0001:000FC5A8   459 0001:000FC5B4   460 0001:000FC5C0   464 0001:000FC5C7
   465 0001:000FC605   466 0001:000FC643   472 0001:000FC67B   474 0001:000FC68D
   475 0001:000FC699   478 0001:000FC6A7   479 0001:000FC6B3   483 0001:000FC6C1
   484 0001:000FC6CD   486 0001:000FC6D9   487 0001:000FC6F6   488 0001:000FC713
   493 0001:000FC729   503 0001:000FC746   504 0001:000FC7DF   509 0001:000FCBA0
   510 0001:000FCBB9   514 0001:000FCBC5   515 0001:000FCC14   537 0001:000FCC5C
   538 0001:000FCC5F   539 0001:000FCC66   542 0001:000FCC8D   543 0001:000FCCA6
   544 0001:000FCCB3   545 0001:000FCCD0   546 0001:000FCCF0   548 0001:000FCD10
   557 0001:000FCDC8   558 0001:000FCDDE   559 0001:000FCDE6   560 0001:000FCDEA
   559 0001:000FCDF7   561 0001:000FCDFA   562 0001:000FCE22   569 0001:000FCE34
   570 0001:000FCE5E   583 0001:000FCFA8   594 0001:000FCFE4   596 0001:000FD013
   597 0001:000FD019   599 0001:000FD028   601 0001:000FD035   608 0001:000FD104
   629 0001:000FD28C   636 0001:000FD320   637 0001:000FD34A   649 0001:000FD4E1
   665 0001:000FD500   667 0001:000FD52F   668 0001:000FD531   669 0001:000FD539
   670 0001:000FD541   671 0001:000FD549   672 0001:000FD557   675 0001:000FD565
   677 0001:000FD57F   678 0001:000FD593   682 0001:000FD5A3   683 0001:000FD5C9
   684 0001:000FD5DD   685 0001:000FD62D   688 0001:000FD639   690 0001:000FD67F
   691 0001:000FD68D   692 0001:000FD69D   695 0001:000FD6A7   697 0001:000FD6AE
   698 0001:000FD6D1   699 0001:000FD6FF   701 0001:000FD717   702 0001:000FD726
   705 0001:000FD752   707 0001:000FD75E   708 0001:000FD770   709 0001:000FD7D0
   724 0001:000FD7DC   737 0001:000FD982   738 0001:000FD99A   739 0001:000FD99B
   740 0001:000FDA09   741 0001:000FDA17   781 0001:000FDA31   782 0001:000FDA38
   783 0001:000FDA51   784 0001:000FDA6A   785 0001:000FDAF3   787 0001:000FDAFD
   703 0001:000FDB04   790 0001:000FDB11   791 0001:000FDB34   792 0001:000FDB5C
   798 0001:000FDB76   799 0001:000FDB83   800 0001:000FDB8F   803 0001:000FDBA4
   805 0001:000FDBC3   807 0001:000FDBC5   808 0001:000FDBC9   809 0001:000FDBEA
   813 0001:000FDC1D   815 0001:000FDCA6   820 0001:000FDF3C   821 0001:000FDF53
   823 0001:000FDF5D   824 0001:000FDF64   825 0001:000FDF70   829 0001:000FDFAD
   830 0001:000FDFB4   831 0001:000FDFC7   833 0001:000FDFF2   838 0001:000FE08C
   839 0001:000FE0B8   840 0001:000FE0BC   842 0001:000FE0C2   843 0001:000FE0E7
   844 0001:000FE10C   845 0001:000FE15E   847 0001:000FE1B0   848 0001:000FE1CA
   849 0001:000FE1D1   851 0001:000FE1D5   852 0001:000FE20B   856 0001:000FE246
   857 0001:000FE27C   859 0001:000FE2B2   860 0001:000FE2CC   862 0001:000FE2DB
   863 0001:000FE311   865 0001:000FE347   866 0001:000FE367   868 0001:000FE376
   869 0001:000FE382   874 0001:000FE38E   876 0001:000FE398   877 0001:000FE3B4
   879 0001:000FE3D3   880 0001:000FE3F3   882 0001:000FE402   883 0001:000FE444
   884 0001:000FE486   885 0001:000FE48A   886 0001:000FE491   890 0001:000FE496
   891 0001:000FE504   892 0001:000FE572   893 0001:000FE57C   895 0001:000FE586
   896 0001:000FE5C0   897 0001:000FE628   898 0001:000FE634   901 0001:000FE642
   902 0001:000FE64E   906 0001:000FE65C   907 0001:000FE668   911 0001:000FE676
   912 0001:000FE682   915 0001:000FE68E   916 0001:000FE69A   919 0001:000FE6EB
   925 0001:000FE8D8   927 0001:000FE8F2   928 0001:000FE903   930 0001:000FE911
   932 0001:000FE921   933 0001:000FE931   935 0001:000FE93B   937 0001:000FE955
   939 0001:000FE965   941 0001:000FE971   943 0001:000FE97D   946 0001:000FE99F
   948 0001:000FE9D4   951 0001:000FEA68   952 0001:000FEA8F   953 0001:000FEACF
   966 0001:000FEAF0   967 0001:000FEB12   968 0001:000FEB20   969 0001:000FEB31
   970 0001:000FEB45   971 0001:000FEB59   972 0001:000FEB70   973 0001:000FEB7C
   975 0001:000FEB88   976 0001:000FEB8A   977 0001:000FEB96   978 0001:000FEBCB
   980 0001:000FEBD7   981 0001:000FEBE4   982 0001:000FEBEC   984 0001:000FEC06
   986 0001:000FEC2E   988 0001:000FEC3D   989 0001:000FEC65   993 0001:000FEC69
   997 0001:000FECA8   999 0001:000FECBB  1002 0001:000FECCA  1006 0001:000FECD9
  1007 0001:000FECE6  1010 0001:000FED00  1011 0001:000FED0A  1013 0001:000FED4D
  1016 0001:000FEEC4  1016 0001:000FEECB

Line numbers for ICONSInterfaceExportBNIDLL(Y:\SKN\skn.inward\modules\SELF-BNI-SYR\ICONSInterfaceExportBNI-SYR2.cycle\ICONSInterfaceExportBNIDLL.dpr) segment .text

    32 0001:000FF39C    33 0001:000FF3AC

Bound resource files

d:\program files\borland\delphi7\Lib\Buttons.res
d:\program files\borland\delphi7\Lib\ExtDlgs.res
d:\program files\borland\delphi7\Lib\Controls.res
D:\Program Files\Borland\Delphi7\Lib\jvcl\Resources\JvConsts.res
d:\program files\borland\delphi7\Lib\DBLogDlg.dfm
d:\program files\borland\delphi7\Lib\DBPWDlg.dfm
d:\program files\borland\delphi7\Lib\DBCtrls.res
fGlobalVar.dfm
fGlobalVarDM.dfm
fMainDM.dfm
fSiklus2.dfm
FProgress.DFM
fICONSInterfaceExportBNIForm.dfm
ICONSInterfaceExportBNIDLL.res
ICONSInterfaceExportBNIDLL.drf


Program entry point at 0001:000FF39C
